[LODO] leave_pure: train=56 val=10 test=10
[LODO] visible GPUs: 2
2026-08-20 10:52:27 - INFO - RemoteSSM Finetuning | Device: cuda
2026-08-20 10:52:27 - INFO - ⏳ 未检测到实数缓存 [~/rppg/rppg_project/cache/offline_cache_dir_cardio_v4b_noalign_real_train_s01_to_s72_n56_1307baf0_seq300_step10]，开始执行特征预处理 (仅需运行一次)...
2026-08-20 10:52:27 - INFO - [Dataset-train] 正在处理 467 个受试者...
2026-08-20 10:52:42 - INFO - [train] 预处理进度: 500/70745
2026-08-20 10:52:43 - INFO - [train] 预处理进度: 1000/70745
2026-08-20 10:52:45 - INFO - [train] 预处理进度: 1500/70745
2026-08-20 10:52:46 - INFO - [train] 预处理进度: 2000/70745
2026-08-20 10:52:47 - INFO - [train] 预处理进度: 2500/70745
2026-08-20 10:52:48 - INFO - [train] 预处理进度: 3000/70745
2026-08-20 10:52:49 - INFO - [train] 预处理进度: 3500/70745
2026-08-20 10:52:50 - INFO - [train] 预处理进度: 4000/70745
2026-08-20 10:52:52 - INFO - [train] 预处理进度: 4500/70745
2026-08-20 10:52:52 - INFO - [train] 预处理进度: 5000/70745
2026-08-20 10:52:53 - INFO - [train] 预处理进度: 5500/70745
2026-08-20 10:52:54 - INFO - [train] 预处理进度: 6000/70745
2026-08-20 10:52:55 - INFO - [train] 预处理进度: 6500/70745
2026-08-20 10:52:56 - INFO - [train] 预处理进度: 7000/70745
2026-08-20 10:52:57 - INFO - [train] 预处理进度: 7500/70745
2026-08-20 10:52:58 - INFO - [train] 预处理进度: 8000/70745
2026-08-20 10:52:59 - INFO - [train] 预处理进度: 8500/70745
2026-08-20 10:53:00 - INFO - [train] 预处理进度: 9000/70745
2026-08-20 10:53:01 - INFO - [train] 预处理进度: 9500/70745
2026-08-20 10:53:02 - INFO - [train] 预处理进度: 10000/70745
2026-08-20 10:53:04 - INFO - [train] 预处理进度: 10500/70745
2026-08-20 10:53:05 - INFO - [train] 预处理进度: 11000/70745
2026-08-20 10:53:06 - INFO - [train] 预处理进度: 11500/70745
2026-08-20 10:53:07 - INFO - [train] 预处理进度: 12000/70745
2026-08-20 10:53:08 - INFO - [train] 预处理进度: 12500/70745
2026-08-20 10:53:09 - INFO - [train] 预处理进度: 13000/70745
2026-08-20 10:53:09 - INFO - [train] 预处理进度: 13500/70745
2026-08-20 10:53:10 - INFO - [train] 预处理进度: 14000/70745
2026-08-20 10:53:11 - INFO - [train] 预处理进度: 14500/70745
2026-08-20 10:53:11 - INFO - [train] 预处理进度: 15000/70745
2026-08-20 10:53:12 - INFO - [train] 预处理进度: 15500/70745
2026-08-20 10:53:12 - INFO - [train] 预处理进度: 16000/70745
2026-08-20 10:53:13 - INFO - [train] 预处理进度: 16500/70745
2026-08-20 10:53:14 - INFO - [train] 预处理进度: 17000/70745
2026-08-20 10:53:15 - INFO - [train] 预处理进度: 17500/70745
2026-08-20 10:53:16 - INFO - [train] 预处理进度: 18000/70745
2026-08-20 10:53:17 - INFO - [train] 预处理进度: 18500/70745
2026-08-20 10:53:18 - INFO - [train] 预处理进度: 19000/70745
2026-08-20 10:53:19 - INFO - [train] 预处理进度: 19500/70745
2026-08-20 10:53:20 - INFO - [train] 预处理进度: 20000/70745
2026-08-20 10:53:21 - INFO - [train] 预处理进度: 20500/70745
2026-08-20 10:53:22 - INFO - [train] 预处理进度: 21000/70745
2026-08-20 10:53:22 - INFO - [train] 预处理进度: 21500/70745
2026-08-20 10:53:23 - INFO - [train] 预处理进度: 22000/70745
2026-08-20 10:53:24 - INFO - [train] 预处理进度: 22500/70745
2026-08-20 10:53:25 - INFO - [train] 预处理进度: 23000/70745
2026-08-20 10:53:26 - INFO - [train] 预处理进度: 23500/70745
2026-08-20 10:53:27 - INFO - [train] 预处理进度: 24000/70745
2026-08-20 10:53:28 - INFO - [train] 预处理进度: 24500/70745
2026-08-20 10:53:28 - INFO - [train] 预处理进度: 25000/70745
2026-08-20 10:53:29 - INFO - [train] 预处理进度: 25500/70745
2026-08-20 10:53:31 - INFO - [train] 预处理进度: 26000/70745
2026-08-20 10:53:32 - INFO - [train] 预处理进度: 26500/70745
2026-08-20 10:53:34 - INFO - [train] 预处理进度: 27000/70745
2026-08-20 10:53:35 - INFO - [train] 预处理进度: 27500/70745
2026-08-20 10:53:37 - INFO - [train] 预处理进度: 28000/70745
2026-08-20 10:53:38 - INFO - [train] 预处理进度: 28500/70745
2026-08-20 10:53:39 - INFO - [train] 预处理进度: 29000/70745
2026-08-20 10:53:40 - INFO - [train] 预处理进度: 29500/70745
2026-08-20 10:53:41 - INFO - [train] 预处理进度: 30000/70745
2026-08-20 10:53:43 - INFO - [train] 预处理进度: 30500/70745
2026-08-20 10:53:44 - INFO - [train] 预处理进度: 31000/70745
2026-08-20 10:53:45 - INFO - [train] 预处理进度: 31500/70745
2026-08-20 10:53:46 - INFO - [train] 预处理进度: 32000/70745
2026-08-20 10:53:47 - INFO - [train] 预处理进度: 32500/70745
2026-08-20 10:53:48 - INFO - [train] 预处理进度: 33000/70745
2026-08-20 10:53:49 - INFO - [train] 预处理进度: 33500/70745
2026-08-20 10:53:50 - INFO - [train] 预处理进度: 34000/70745
2026-08-20 10:53:51 - INFO - [train] 预处理进度: 34500/70745
2026-08-20 10:53:51 - INFO - [train] 预处理进度: 35000/70745
2026-08-20 10:53:52 - INFO - [train] 预处理进度: 35500/70745
2026-08-20 10:53:52 - INFO - [train] 预处理进度: 36000/70745
2026-08-20 10:53:53 - INFO - [train] 预处理进度: 36500/70745
2026-08-20 10:53:55 - INFO - [train] 预处理进度: 37000/70745
2026-08-20 10:53:56 - INFO - [train] 预处理进度: 37500/70745
2026-08-20 10:53:57 - INFO - [train] 预处理进度: 38000/70745
2026-08-20 10:53:58 - INFO - [train] 预处理进度: 38500/70745
2026-08-20 10:53:59 - INFO - [train] 预处理进度: 39000/70745
2026-08-20 10:54:01 - INFO - [train] 预处理进度: 39500/70745
2026-08-20 10:54:01 - INFO - [train] 预处理进度: 40000/70745
2026-08-20 10:54:03 - INFO - [train] 预处理进度: 40500/70745
2026-08-20 10:54:04 - INFO - [train] 预处理进度: 41000/70745
2026-08-20 10:54:05 - INFO - [train] 预处理进度: 41500/70745
2026-08-20 10:54:07 - INFO - [train] 预处理进度: 42000/70745
2026-08-20 10:54:08 - INFO - [train] 预处理进度: 42500/70745
2026-08-20 10:54:09 - INFO - [train] 预处理进度: 43000/70745
2026-08-20 10:54:11 - INFO - [train] 预处理进度: 43500/70745
2026-08-20 10:54:11 - INFO - [train] 预处理进度: 44000/70745
2026-08-20 10:54:12 - INFO - [train] 预处理进度: 44500/70745
2026-08-20 10:54:13 - INFO - [train] 预处理进度: 45000/70745
2026-08-20 10:54:14 - INFO - [train] 预处理进度: 45500/70745
2026-08-20 10:54:15 - INFO - [train] 预处理进度: 46000/70745
2026-08-20 10:54:15 - INFO - [train] 预处理进度: 46500/70745
2026-08-20 10:54:16 - INFO - [train] 预处理进度: 47000/70745
2026-08-20 10:54:17 - INFO - [train] 预处理进度: 47500/70745
2026-08-20 10:54:18 - INFO - [train] 预处理进度: 48000/70745
2026-08-20 10:54:19 - INFO - [train] 预处理进度: 48500/70745
2026-08-20 10:54:20 - INFO - [train] 预处理进度: 49000/70745
2026-08-20 10:54:21 - INFO - [train] 预处理进度: 49500/70745
2026-08-20 10:54:23 - INFO - [train] 预处理进度: 50000/70745
2026-08-20 10:54:24 - INFO - [train] 预处理进度: 50500/70745
2026-08-20 10:54:25 - INFO - [train] 预处理进度: 51000/70745
2026-08-20 10:54:27 - INFO - [train] 预处理进度: 51500/70745
2026-08-20 10:54:28 - INFO - [train] 预处理进度: 52000/70745
2026-08-20 10:54:30 - INFO - [train] 预处理进度: 52500/70745
2026-08-20 10:54:31 - INFO - [train] 预处理进度: 53000/70745
2026-08-20 10:54:32 - INFO - [train] 预处理进度: 53500/70745
2026-08-20 10:54:33 - INFO - [train] 预处理进度: 54000/70745
2026-08-20 10:54:34 - INFO - [train] 预处理进度: 54500/70745
2026-08-20 10:54:35 - INFO - [train] 预处理进度: 55000/70745
2026-08-20 10:54:36 - INFO - [train] 预处理进度: 55500/70745
2026-08-20 10:54:37 - INFO - [train] 预处理进度: 56000/70745
2026-08-20 10:54:38 - INFO - [train] 预处理进度: 56500/70745
2026-08-20 10:54:39 - INFO - [train] 预处理进度: 57000/70745
2026-08-20 10:54:40 - INFO - [train] 预处理进度: 57500/70745
2026-08-20 10:54:41 - INFO - [train] 预处理进度: 58000/70745
2026-08-20 10:54:42 - INFO - [train] 预处理进度: 58500/70745
2026-08-20 10:54:43 - INFO - [train] 预处理进度: 59000/70745
2026-08-20 10:54:45 - INFO - [train] 预处理进度: 59500/70745
2026-08-20 10:54:46 - INFO - [train] 预处理进度: 60000/70745
2026-08-20 10:54:47 - INFO - [train] 预处理进度: 60500/70745
2026-08-20 10:54:48 - INFO - [train] 预处理进度: 61000/70745
2026-08-20 10:54:50 - INFO - [train] 预处理进度: 61500/70745
2026-08-20 10:54:51 - INFO - [train] 预处理进度: 62000/70745
2026-08-20 10:54:53 - INFO - [train] 预处理进度: 62500/70745
2026-08-20 10:54:53 - INFO - [train] 预处理进度: 63000/70745
2026-08-20 10:54:54 - INFO - [train] 预处理进度: 63500/70745
2026-08-20 10:54:55 - INFO - [train] 预处理进度: 64000/70745
2026-08-20 10:54:57 - INFO - [train] 预处理进度: 64500/70745
2026-08-20 10:54:57 - INFO - [train] 预处理进度: 65000/70745
2026-08-20 10:54:58 - INFO - [train] 预处理进度: 65500/70745
2026-08-20 10:54:59 - INFO - [train] 预处理进度: 66000/70745
2026-08-20 10:55:00 - INFO - [train] 预处理进度: 66500/70745
2026-08-20 10:55:01 - INFO - [train] 预处理进度: 67000/70745
2026-08-20 10:55:03 - INFO - [train] 预处理进度: 67500/70745
2026-08-20 10:55:04 - INFO - [train] 预处理进度: 68000/70745
2026-08-20 10:55:05 - INFO - [train] 预处理进度: 68500/70745
2026-08-20 10:55:06 - INFO - [train] 预处理进度: 69000/70745
2026-08-20 10:55:06 - INFO - [train] 预处理进度: 69500/70745
2026-08-20 10:55:07 - INFO - [train] 预处理进度: 70000/70745
2026-08-20 10:55:09 - INFO - [train] 预处理进度: 70500/70745
2026-08-20 10:55:10 - INFO - 💾 [train] 实数缓存完成！保留: 46669, 过滤: 24076
2026-08-20 10:55:47 - INFO - ⏳ 未检测到实数缓存 [~/rppg/rppg_project/cache/offline_cache_dir_cardio_v4b_noalign_real_val_s35_to_s77_n10_6ce7f46b_seq300_step300]，开始执行特征预处理 (仅需运行一次)...
2026-08-20 10:55:47 - INFO - [Dataset-val] 正在处理 105 个受试者...
2026-08-20 10:55:49 - INFO - [val] 预处理进度: 500/630
2026-08-20 10:55:49 - INFO - 💾 [val] 实数缓存完成！保留: 519, 过滤: 111
2026-08-20 10:56:01 - INFO - Train: 46669 samples, subjects [1, 2, 3, 4, 5, 6, 7, 8, 9, 10, 11, 12, 13, 14, 15, 16, 17, 18, 19, 20, 21, 22, 23, 24, 25, 26, 27, 28, 29, 30, 31, 32, 33, 34, 51, 52, 53, 54, 55, 56, 57, 58, 59, 60, 61, 62, 63, 64, 65, 66, 67, 68, 69, 70, 71, 72]
2026-08-20 10:56:01 - INFO - Val:   519 samples, subjects [35, 36, 37, 38, 39, 73, 74, 75, 76, 77]
2026-08-20 10:56:01 - INFO - HR labels: ECG gold-standard
2026-08-20 10:56:01 - INFO - d=256 blocks=2 B=16 dropout=0.15 wd=0.001
2026-08-20 10:56:01 - INFO - V11: random init + curriculum ([300] @ [300])
2026-08-20 10:56:01 - INFO - GRL: warmup=80 adv_w=0.0 alpha_max=0.0
2026-08-20 10:56:02 - INFO - Params: 0.52M (V11 random init)
2026-08-20 10:56:08 - INFO - Pre-flight check: BVP [-0.254, 0.272], HR [-0.230, -0.206], NaN=False
~/.local/lib/python3.12/site-packages/torch/optim/lr_scheduler.py:224: UserWarning: Detected call of `lr_scheduler.step()` before `optimizer.step()`. In PyTorch 1.1.0 and later, you should call them in the opposite order: `optimizer.step()` before `lr_scheduler.step()`.  Failure to do this will result in PyTorch skipping the first value of the learning rate schedule. See more details at https://pytorch.org/docs/stable/optim.html#how-to-adjust-learning-rate
  warnings.warn(
2026-08-20 11:41:41 - INFO - Epoch   1/300 | Len=300 | Loss 927.6959 | Val FFT 26.15 | Val r(HR) 0.200 | HH MAE 59.00 | HH r -0.017
2026-08-20 11:41:41 - INFO -   ✓ Best: 26.15 BPM
2026-08-20 12:27:21 - INFO - Epoch   2/300 | Len=300 | Loss 570.8943 | Val FFT 27.17 | Val r(HR) 0.049 | HH MAE 28.67 | HH r 0.118
2026-08-20 13:12:58 - INFO - Epoch   3/300 | Len=300 | Loss 346.2504 | Val FFT 29.21 | Val r(HR) -0.076 | HH MAE 10.93 | HH r -0.139
2026-08-20 13:58:36 - INFO - Epoch   4/300 | Len=300 | Loss 278.2201 | Val FFT 28.06 | Val r(HR) -0.068 | HH MAE 15.57 | HH r -0.091
2026-08-20 14:44:13 - INFO - Epoch   5/300 | Len=300 | Loss 246.0885 | Val FFT 28.58 | Val r(HR) -0.164 | HH MAE 15.79 | HH r -0.124
2026-08-20 15:29:51 - INFO - Epoch   6/300 | Len=300 | Loss 232.2119 | Val FFT 27.91 | Val r(HR) -0.090 | HH MAE 15.81 | HH r -0.088
2026-08-20 16:15:26 - INFO - Epoch   7/300 | Len=300 | Loss 221.7140 | Val FFT 25.90 | Val r(HR) -0.021 | HH MAE 14.53 | HH r -0.060
2026-08-20 16:15:26 - INFO -   ✓ Best: 25.90 BPM
2026-08-20 17:01:05 - INFO - Epoch   8/300 | Len=300 | Loss 215.4782 | Val FFT 25.95 | Val r(HR) 0.061 | HH MAE 14.55 | HH r 0.015
2026-08-20 17:46:41 - INFO - Epoch   9/300 | Len=300 | Loss 207.8444 | Val FFT 26.98 | Val r(HR) 0.025 | HH MAE 13.48 | HH r -0.001
2026-08-20 18:32:16 - INFO - Epoch  10/300 | Len=300 | Loss 203.0123 | Val FFT 26.52 | Val r(HR) -0.078 | HH MAE 15.08 | HH r -0.074
2026-08-20 19:17:52 - INFO - Epoch  11/300 | Len=300 | Loss 197.3371 | Val FFT 27.39 | Val r(HR) -0.114 | HH MAE 15.68 | HH r -0.083
2026-08-20 20:03:28 - INFO - Epoch  12/300 | Len=300 | Loss 193.2213 | Val FFT 26.81 | Val r(HR) -0.077 | HH MAE 15.19 | HH r -0.004
2026-08-20 20:49:05 - INFO - Epoch  13/300 | Len=300 | Loss 189.4956 | Val FFT 27.71 | Val r(HR) -0.127 | HH MAE 15.87 | HH r -0.061
2026-08-20 21:34:40 - INFO - Epoch  14/300 | Len=300 | Loss 187.1200 | Val FFT 25.52 | Val r(HR) 0.030 | HH MAE 13.76 | HH r -0.037
2026-08-20 21:34:40 - INFO -   ✓ Best: 25.52 BPM
2026-08-20 22:20:16 - INFO - Epoch  15/300 | Len=300 | Loss 184.5750 | Val FFT 26.36 | Val r(HR) -0.035 | HH MAE 15.58 | HH r -0.038
2026-08-20 23:05:54 - INFO - Epoch  16/300 | Len=300 | Loss 182.0609 | Val FFT 27.38 | Val r(HR) -0.075 | HH MAE 15.04 | HH r -0.029
2026-08-20 23:51:29 - INFO - Epoch  17/300 | Len=300 | Loss 180.9784 | Val FFT 25.58 | Val r(HR) -0.056 | HH MAE 15.16 | HH r -0.026
2026-08-21 00:37:07 - INFO - Epoch  18/300 | Len=300 | Loss 178.6717 | Val FFT 24.87 | Val r(HR) 0.036 | HH MAE 13.59 | HH r -0.016
2026-08-21 00:37:07 - INFO -   ✓ Best: 24.87 BPM
2026-08-21 01:22:46 - INFO - Epoch  19/300 | Len=300 | Loss 178.0718 | Val FFT 25.51 | Val r(HR) 0.056 | HH MAE 15.95 | HH r -0.007
2026-08-21 02:08:21 - INFO - Epoch  20/300 | Len=300 | Loss 175.9362 | Val FFT 26.76 | Val r(HR) -0.068 | HH MAE 15.88 | HH r -0.021
2026-08-21 02:53:59 - INFO - Epoch  21/300 | Len=300 | Loss 173.7777 | Val FFT 26.07 | Val r(HR) -0.062 | HH MAE 15.15 | HH r -0.074
2026-08-21 03:39:35 - INFO - Epoch  22/300 | Len=300 | Loss 172.6258 | Val FFT 24.32 | Val r(HR) 0.104 | HH MAE 15.43 | HH r -0.002
2026-08-21 03:39:35 - INFO -   ✓ Best: 24.32 BPM
