2026-09-08 14:30:56 - INFO - 🚀 检测到已构建的实数缓存目录 [~/rppg/rppg_project/cache/offline_cache_dir_cardio_v5_bvphr_real_train_s01_to_s106_n40_1b42758a_seq300_step10]，共找到 9021 个样本切片，极速准备就绪！
2026-09-08 14:30:57 - INFO - 🚀 检测到已构建的实数缓存目录 [~/rppg/rppg_project/cache/offline_cache_dir_cardio_v5_bvphr_real_val_s35_to_s108_n7_a9db59b9_seq300_step30]，共找到 891 个样本切片，极速准备就绪！
2026-09-08 14:31:20 - INFO - physmamba | Params: 0.73M | Device: cuda
2026-09-08 14:31:20 - INFO - Train 9021 (step10) | Val 891 (step30)
2026-09-08 14:31:20 - INFO - Epochs 40 | Adam lr=0.001 wd=0.005 | warmup 5+cosine | AMP off | cudnn off
2026-09-08 14:31:21 - INFO - Resumed at epoch 4 (best=13.67)
2026-09-08 14:31:22 - INFO - Pre-flight BVP range [-0.098, 0.138] NaN=False
2026-09-08 14:53:30 - INFO - Epoch   4/40 | Loss 0.6537 | Val FFT MAE 13.44 | Val r(HR) 0.736
2026-09-08 14:53:31 - INFO -   ✓ Best: 13.44 BPM
2026-09-08 15:18:39 - INFO - Epoch   5/40 | Loss 0.6453 | Val FFT MAE 24.66 | Val r(HR) 0.468
2026-09-08 15:42:06 - INFO - Epoch   6/40 | Loss 0.6389 | Val FFT MAE 20.14 | Val r(HR) 0.584
2026-09-08 16:03:13 - INFO - Epoch   7/40 | Loss 0.6372 | Val FFT MAE 14.87 | Val r(HR) 0.679
2026-09-08 16:29:48 - INFO - Epoch   8/40 | Loss 0.6341 | Val FFT MAE 27.14 | Val r(HR) 0.431
2026-09-08 16:56:33 - INFO - Epoch   9/40 | Loss 0.6354 | Val FFT MAE 22.06 | Val r(HR) 0.559
2026-09-08 17:23:28 - INFO - Epoch  10/40 | Loss 0.6338 | Val FFT MAE 16.95 | Val r(HR) 0.682
2026-09-08 17:49:22 - INFO - Epoch  11/40 | Loss 0.6337 | Val FFT MAE 26.26 | Val r(HR) 0.476
2026-09-08 18:16:04 - INFO - Epoch  12/40 | Loss 0.6326 | Val FFT MAE 17.97 | Val r(HR) 0.623
2026-09-08 18:42:54 - INFO - Epoch  13/40 | Loss 0.6310 | Val FFT MAE 20.08 | Val r(HR) 0.630
2026-09-08 19:08:28 - INFO - Epoch  14/40 | Loss 0.6334 | Val FFT MAE 27.68 | Val r(HR) 0.417
2026-09-08 19:35:21 - INFO - Epoch  15/40 | Loss 0.6286 | Val FFT MAE 17.44 | Val r(HR) 0.643
2026-09-08 20:02:15 - INFO - Epoch  16/40 | Loss 0.6271 | Val FFT MAE 14.65 | Val r(HR) 0.682
2026-09-08 20:29:01 - INFO - Epoch  17/40 | Loss 0.6247 | Val FFT MAE 20.34 | Val r(HR) 0.568
2026-09-08 20:56:13 - INFO - Epoch  18/40 | Loss 0.6247 | Val FFT MAE 12.40 | Val r(HR) 0.745
2026-09-08 20:56:14 - INFO -   ✓ Best: 12.40 BPM
2026-09-08 21:23:16 - INFO - Epoch  19/40 | Loss 0.6229 | Val FFT MAE 14.86 | Val r(HR) 0.681
2026-09-08 21:44:10 - INFO - Epoch  20/40 | Loss 0.6224 | Val FFT MAE 26.55 | Val r(HR) 0.470
2026-09-08 22:04:04 - INFO - Epoch  21/40 | Loss 0.6194 | Val FFT MAE 10.40 | Val r(HR) 0.793
2026-09-08 22:04:04 - INFO -   ✓ Best: 10.40 BPM
2026-09-08 22:24:43 - INFO - Epoch  22/40 | Loss 0.6194 | Val FFT MAE 12.63 | Val r(HR) 0.765
2026-09-08 22:45:17 - INFO - Epoch  23/40 | Loss 0.6152 | Val FFT MAE 18.82 | Val r(HR) 0.615
2026-09-08 23:05:57 - INFO - Epoch  24/40 | Loss 0.6133 | Val FFT MAE 8.74 | Val r(HR) 0.826
2026-09-08 23:05:58 - INFO -   ✓ Best: 8.74 BPM
2026-09-08 23:25:43 - INFO - Epoch  25/40 | Loss 0.6111 | Val FFT MAE 14.99 | Val r(HR) 0.714
2026-09-08 23:46:21 - INFO - Epoch  26/40 | Loss 0.6082 | Val FFT MAE 26.12 | Val r(HR) 0.458
2026-09-09 00:07:00 - INFO - Epoch  27/40 | Loss 0.6053 | Val FFT MAE 9.48 | Val r(HR) 0.817
2026-09-09 00:27:40 - INFO - Epoch  28/40 | Loss 0.6005 | Val FFT MAE 10.76 | Val r(HR) 0.805
2026-09-09 00:47:24 - INFO - Epoch  29/40 | Loss 0.5957 | Val FFT MAE 9.88 | Val r(HR) 0.820
2026-09-09 01:08:01 - INFO - Epoch  30/40 | Loss 0.5940 | Val FFT MAE 10.64 | Val r(HR) 0.787
2026-09-09 01:28:42 - INFO - Epoch  31/40 | Loss 0.5906 | Val FFT MAE 8.93 | Val r(HR) 0.831
2026-09-09 01:49:15 - INFO - Epoch  32/40 | Loss 0.5886 | Val FFT MAE 12.77 | Val r(HR) 0.745
2026-09-09 02:11:43 - INFO - Epoch  33/40 | Loss 0.5817 | Val FFT MAE 14.72 | Val r(HR) 0.690
2026-09-09 02:37:33 - INFO - Epoch  34/40 | Loss 0.5749 | Val FFT MAE 10.27 | Val r(HR) 0.813
2026-09-09 03:02:59 - INFO - Epoch  35/40 | Loss 0.5723 | Val FFT MAE 12.63 | Val r(HR) 0.750
2026-09-09 03:27:37 - INFO - Epoch  36/40 | Loss 0.5685 | Val FFT MAE 16.21 | Val r(HR) 0.674
2026-09-09 03:53:05 - INFO - Epoch  37/40 | Loss 0.5633 | Val FFT MAE 11.83 | Val r(HR) 0.771
2026-09-09 04:18:40 - INFO - Epoch  38/40 | Loss 0.5618 | Val FFT MAE 12.21 | Val r(HR) 0.760
2026-09-09 04:44:18 - INFO - Epoch  39/40 | Loss 0.5568 | Val FFT MAE 11.07 | Val r(HR) 0.790
2026-09-09 05:08:47 - INFO - Epoch  40/40 | Loss 0.5584 | Val FFT MAE 11.19 | Val r(HR) 0.784
2026-09-09 05:08:48 - INFO - Done. Best Val FFT MAE: 8.74 BPM
2026-09-09 05:08:50 - INFO - 🚀 检测到已构建的实数缓存目录 [~/rppg/rppg_project/cache/offline_cache_dir_cardio_v5_bvphr_real_test_s40_to_s49_n10_f763fd4e_seq300_step30]，共找到 481 个样本切片，极速准备就绪！
2026-09-09 05:09:41 - INFO - 🚀 检测到已构建的实数缓存目录 [~/rppg/rppg_project/cache/offline_cache_dir_cardio_v5_bvphr_real_test_s109_to_s110_n2_95655dcc_seq300_step30]，共找到 696 个样本切片，极速准备就绪！
