2026-09-08 13:28:46 - INFO - 🚀 检测到已构建的实数缓存目录 [~/rppg/rppg_project/cache/offline_cache_dir_cardio_v5_bvphr_real_train_s01_to_s106_n40_1b42758a_seq300_step10]，共找到 9021 个样本切片，极速准备就绪！
2026-09-08 13:28:47 - INFO - 🚀 检测到已构建的实数缓存目录 [~/rppg/rppg_project/cache/offline_cache_dir_cardio_v5_bvphr_real_val_s35_to_s108_n7_a9db59b9_seq300_step30]，共找到 891 个样本切片，极速准备就绪！
2026-09-08 13:29:07 - INFO - physmamba | Params: 0.73M | Device: cuda
2026-09-08 13:29:07 - INFO - Train 9021 (step10) | Val 891 (step30)
2026-09-08 13:29:07 - INFO - Epochs 3 | Adam lr=0.001 wd=0.005 | warmup 5+cosine | AMP off | cudnn off
2026-09-08 13:29:09 - INFO - Pre-flight BVP range [-0.121, 0.041] NaN=False
2026-09-08 13:47:05 - INFO - Epoch   1/3 | Loss 0.7977 | Val FFT MAE 13.67 | Val r(HR) 0.723
2026-09-08 13:47:05 - INFO -   ✓ Best: 13.67 BPM
2026-09-08 14:06:58 - INFO - Epoch   2/3 | Loss 0.6533 | Val FFT MAE 16.57 | Val r(HR) 0.635
2026-09-08 14:26:41 - INFO - Epoch   3/3 | Loss 0.6482 | Val FFT MAE 15.55 | Val r(HR) 0.697
2026-09-08 14:26:42 - INFO - Done. Best Val FFT MAE: 13.67 BPM

========================================================
  physmamba test report (same protocol)
========================================================
[INFO] physmamba UBFC test 40-49 | loaded physmamba_ubfc_pure_best.pth | Params 0.73M
2026-09-08 14:26:43 - INFO - 🚀 检测到已构建的实数缓存目录 [~/rppg/rppg_project/cache/offline_cache_dir_cardio_v5_bvphr_real_test_s40_to_s49_n10_f763fd4e_seq300_step30]，共找到 481 个样本切片，极速准备就绪！
[INFO] Test UBFC test 40-49: 481 samples

[UBFC test 40-49] physmamba (same protocol, step-30)
  MAE: 4.06  RMSE: 9.84  Pearson: 0.6408
  Acc<3: 82.7%  Acc<5: 85.0%  Acc<8: 86.5%
  Valid: 481/481
[INFO] physmamba PURE test 109-110 | loaded physmamba_ubfc_pure_best.pth | Params 0.73M
2026-09-08 14:27:36 - INFO - 🚀 检测到已构建的实数缓存目录 [~/rppg/rppg_project/cache/offline_cache_dir_cardio_v5_bvphr_real_test_s109_to_s110_n2_95655dcc_seq300_step30]，共找到 696 个样本切片，极速准备就绪！
[INFO] Test PURE test 109-110: 696 samples

[PURE test 109-110] physmamba (same protocol, step-30)
  MAE: 6.28  RMSE: 15.37  Pearson: 0.6601
  Acc<3: 80.0%  Acc<5: 83.3%  Acc<8: 84.5%
  Valid: 696/696
