2026-08-28 10:35:55 - INFO - RemoteSSM Finetuning | Device: cuda
2026-08-28 10:35:55 - INFO - 🚀 检测到已构建的实数缓存目录 [~/rppg/rppg_project/cache/offline_cache_dir_cardio_v5_bvphr_real_train_s01_to_s106_n40_1b42758a_seq300_step10]，共找到 9021 个样本切片，极速准备就绪！
2026-08-28 10:35:56 - INFO - 🚀 检测到已构建的实数缓存目录 [~/rppg/rppg_project/cache/offline_cache_dir_cardio_v5_bvphr_real_val_s35_to_s108_n7_a9db59b9_seq300_step300]，共找到 95 个样本切片，极速准备就绪！
2026-08-28 10:35:56 - INFO - Train: 9021 samples, subjects [1, 2, 3, 4, 5, 6, 7, 8, 9, 10, 11, 12, 13, 14, 15, 16, 17, 18, 19, 20, 21, 22, 23, 24, 25, 26, 27, 28, 29, 30, 31, 32, 33, 34, 101, 102, 103, 104, 105, 106]
2026-08-28 10:35:56 - INFO - Val:   95 samples, subjects [35, 36, 37, 38, 39, 107, 108]
2026-08-28 10:35:56 - INFO - HR labels: BVP-derived (SOTA-comparable)
2026-08-28 10:35:56 - INFO - d=256 blocks=2 B=16 dropout=0.4 wd=0.005
2026-08-28 10:35:56 - INFO - V11: random init + curriculum ([300] @ [40])
2026-08-28 10:35:56 - INFO - GRL: warmup=30 adv_w=0.0 alpha_max=0.0
2026-08-28 10:35:56 - INFO - Params: 0.52M (V11 random init)
2026-08-28 10:36:00 - INFO - Pre-flight check: BVP [-2.636, 2.450], HR [-0.311, -0.284], NaN=False
2026-08-28 10:44:47 - INFO - Epoch   1/40 | Len=300 | Loss 2362.9607 | Val FFT 29.02 | Val r(HR) 0.451 | HH MAE 90.26 | HH r -0.041
2026-08-28 10:44:47 - INFO -   ✓ Best: 29.02 BPM
2026-08-28 10:53:35 - INFO - Epoch   2/40 | Len=300 | Loss 1715.3942 | Val FFT 15.67 | Val r(HR) 0.764 | HH MAE 90.28 | HH r -0.039
2026-08-28 10:53:35 - INFO -   ✓ Best: 15.67 BPM
2026-08-28 11:02:22 - INFO - Epoch   3/40 | Len=300 | Loss 1441.4565 | Val FFT 13.35 | Val r(HR) 0.801 | HH MAE 90.31 | HH r -0.093
2026-08-28 11:02:22 - INFO -   ✓ Best: 13.35 BPM
2026-08-28 11:11:10 - INFO - Epoch   4/40 | Len=300 | Loss 1336.4146 | Val FFT 14.10 | Val r(HR) 0.776 | HH MAE 90.19 | HH r 0.102
2026-08-28 11:19:57 - INFO - Epoch   5/40 | Len=300 | Loss 1256.0956 | Val FFT 13.88 | Val r(HR) 0.759 | HH MAE 90.22 | HH r 0.064
2026-08-28 11:28:44 - INFO - Epoch   6/40 | Len=300 | Loss 1180.6063 | Val FFT 15.16 | Val r(HR) 0.748 | HH MAE 90.25 | HH r 0.029
2026-08-28 11:37:32 - INFO - Epoch   7/40 | Len=300 | Loss 1124.9625 | Val FFT 15.96 | Val r(HR) 0.702 | HH MAE 90.21 | HH r -0.031
2026-08-28 11:46:18 - INFO - Epoch   8/40 | Len=300 | Loss 1052.0879 | Val FFT 20.84 | Val r(HR) 0.567 | HH MAE 90.23 | HH r -0.076
2026-08-28 11:55:06 - INFO - Epoch   9/40 | Len=300 | Loss 973.4572 | Val FFT 28.83 | Val r(HR) 0.294 | HH MAE 90.23 | HH r 0.020
2026-08-28 12:03:52 - INFO - Epoch  10/40 | Len=300 | Loss 920.8033 | Val FFT 32.10 | Val r(HR) 0.205 | HH MAE 90.25 | HH r -0.048
2026-08-28 12:12:39 - INFO - Epoch  11/40 | Len=300 | Loss 882.4756 | Val FFT 32.35 | Val r(HR) 0.228 | HH MAE 90.28 | HH r 0.011
2026-08-28 12:21:25 - INFO - Epoch  12/40 | Len=300 | Loss 850.8358 | Val FFT 31.26 | Val r(HR) 0.261 | HH MAE 90.35 | HH r 0.114
2026-08-28 12:30:11 - INFO - Epoch  13/40 | Len=300 | Loss 833.3233 | Val FFT 31.78 | Val r(HR) 0.217 | HH MAE 90.33 | HH r -0.016
2026-08-28 12:38:59 - INFO - Epoch  14/40 | Len=300 | Loss 815.9248 | Val FFT 30.75 | Val r(HR) 0.239 | HH MAE 90.39 | HH r -0.019
2026-08-28 12:47:45 - INFO - Epoch  15/40 | Len=300 | Loss 808.1032 | Val FFT 30.46 | Val r(HR) 0.248 | HH MAE 90.38 | HH r -0.070
2026-08-28 12:56:33 - INFO - Epoch  16/40 | Len=300 | Loss 802.9310 | Val FFT 30.15 | Val r(HR) 0.258 | HH MAE 90.44 | HH r -0.111
2026-08-28 13:05:22 - INFO - Epoch  17/40 | Len=300 | Loss 787.3185 | Val FFT 30.22 | Val r(HR) 0.263 | HH MAE 90.35 | HH r -0.108
2026-08-28 13:14:07 - INFO - Epoch  18/40 | Len=300 | Loss 783.7860 | Val FFT 31.04 | Val r(HR) 0.253 | HH MAE 90.36 | HH r -0.110
2026-08-28 13:22:53 - INFO - Epoch  19/40 | Len=300 | Loss 774.9640 | Val FFT 31.00 | Val r(HR) 0.240 | HH MAE 90.35 | HH r -0.163
2026-08-28 13:31:40 - INFO - Epoch  20/40 | Len=300 | Loss 768.8011 | Val FFT 29.88 | Val r(HR) 0.283 | HH MAE 90.34 | HH r -0.235
2026-08-28 13:40:26 - INFO - Epoch  21/40 | Len=300 | Loss 767.1370 | Val FFT 30.06 | Val r(HR) 0.260 | HH MAE 90.33 | HH r -0.276
2026-08-28 13:49:12 - INFO - Epoch  22/40 | Len=300 | Loss 764.0905 | Val FFT 30.53 | Val r(HR) 0.256 | HH MAE 90.31 | HH r -0.218
2026-08-28 13:57:59 - INFO - Epoch  23/40 | Len=300 | Loss 756.4031 | Val FFT 30.69 | Val r(HR) 0.239 | HH MAE 90.34 | HH r -0.145
2026-08-28 14:06:45 - INFO - Epoch  24/40 | Len=300 | Loss 753.4877 | Val FFT 29.84 | Val r(HR) 0.277 | HH MAE 90.34 | HH r -0.251
2026-08-28 14:15:31 - INFO - Epoch  25/40 | Len=300 | Loss 749.3973 | Val FFT 30.25 | Val r(HR) 0.265 | HH MAE 90.34 | HH r -0.212
2026-08-28 14:24:17 - INFO - Epoch  26/40 | Len=300 | Loss 744.6119 | Val FFT 29.79 | Val r(HR) 0.284 | HH MAE 90.36 | HH r -0.265
2026-08-28 14:33:06 - INFO - Epoch  27/40 | Len=300 | Loss 742.2748 | Val FFT 29.92 | Val r(HR) 0.275 | HH MAE 90.35 | HH r -0.224
2026-08-28 14:41:52 - INFO - Epoch  28/40 | Len=300 | Loss 739.4147 | Val FFT 30.85 | Val r(HR) 0.235 | HH MAE 90.33 | HH r -0.251
2026-08-28 14:50:39 - INFO - Epoch  29/40 | Len=300 | Loss 738.6297 | Val FFT 29.64 | Val r(HR) 0.303 | HH MAE 90.33 | HH r -0.244
2026-08-28 14:59:25 - INFO - Epoch  30/40 | Len=300 | Loss 734.5026 | Val FFT 29.51 | Val r(HR) 0.286 | HH MAE 90.31 | HH r -0.196
2026-08-28 15:08:11 - INFO - Epoch  31/40 | Len=300 | Loss 732.5489 | Val FFT 29.81 | Val r(HR) 0.286 | HH MAE 90.29 | HH r -0.176
2026-08-28 15:16:58 - INFO - Epoch  32/40 | Len=300 | Loss 731.9320 | Val FFT 29.72 | Val r(HR) 0.267 | HH MAE 90.31 | HH r -0.182
2026-08-28 15:25:44 - INFO - Epoch  33/40 | Len=300 | Loss 731.1057 | Val FFT 29.79 | Val r(HR) 0.266 | HH MAE 90.31 | HH r -0.204
2026-08-28 15:34:31 - INFO - Epoch  34/40 | Len=300 | Loss 727.0789 | Val FFT 29.84 | Val r(HR) 0.277 | HH MAE 90.32 | HH r -0.203
2026-08-28 15:43:17 - INFO - Epoch  35/40 | Len=300 | Loss 726.0436 | Val FFT 29.73 | Val r(HR) 0.276 | HH MAE 90.33 | HH r -0.222
2026-08-28 15:52:04 - INFO - Epoch  36/40 | Len=300 | Loss 728.1198 | Val FFT 29.75 | Val r(HR) 0.273 | HH MAE 90.31 | HH r -0.221
2026-08-28 16:00:52 - INFO - Epoch  37/40 | Len=300 | Loss 725.3641 | Val FFT 29.79 | Val r(HR) 0.269 | HH MAE 90.33 | HH r -0.228
2026-08-28 16:09:38 - INFO - Epoch  38/40 | Len=300 | Loss 726.4499 | Val FFT 29.64 | Val r(HR) 0.272 | HH MAE 90.31 | HH r -0.217
2026-08-28 16:18:27 - INFO - Epoch  39/40 | Len=300 | Loss 727.3636 | Val FFT 29.55 | Val r(HR) 0.264 | HH MAE 90.33 | HH r -0.248
2026-08-28 16:27:13 - INFO - Epoch  40/40 | Len=300 | Loss 725.8160 | Val FFT 29.81 | Val r(HR) 0.270 | HH MAE 90.33 | HH r -0.226
2026-08-28 16:27:13 - INFO - Done. Best Val FFT: 13.35 BPM
2026-08-28 16:27:14 - INFO - 🚀 检测到已构建的实数缓存目录 [~/rppg/rppg_project/cache/offline_cache_dir_cardio_v5_bvphr_real_test_s40_to_s49_n10_f763fd4e_seq300_step300]，共找到 51 个样本切片，极速准备就绪！
