2026-08-20 10:46:27 - INFO - RemoteSSM Finetuning | Device: cuda
2026-08-20 10:46:27 - INFO - ⏳ 未检测到实数缓存 [~/rppg/rppg_project/cache/offline_cache_dir_cardio_v4b_noalign_real_train_s51_to_s106_n28_68635ad0_seq300_step10]，开始执行特征预处理 (仅需运行一次)...
2026-08-20 10:46:27 - INFO - [Dataset-train] 正在处理 474 个受试者...
2026-08-20 10:46:45 - INFO - [train] 预处理进度: 500/72545
2026-08-20 10:46:46 - INFO - [train] 预处理进度: 1000/72545
2026-08-20 10:46:47 - INFO - [train] 预处理进度: 1500/72545
2026-08-20 10:46:49 - INFO - [train] 预处理进度: 2000/72545
2026-08-20 10:46:50 - INFO - [train] 预处理进度: 2500/72545
2026-08-20 10:46:51 - INFO - [train] 预处理进度: 3000/72545
2026-08-20 10:46:53 - INFO - [train] 预处理进度: 3500/72545
2026-08-20 10:46:54 - INFO - [train] 预处理进度: 4000/72545
2026-08-20 10:46:55 - INFO - [train] 预处理进度: 4500/72545
2026-08-20 10:46:56 - INFO - [train] 预处理进度: 5000/72545
2026-08-20 10:46:58 - INFO - [train] 预处理进度: 5500/72545
2026-08-20 10:46:59 - INFO - [train] 预处理进度: 6000/72545
2026-08-20 10:47:00 - INFO - [train] 预处理进度: 6500/72545
2026-08-20 10:47:01 - INFO - [train] 预处理进度: 7000/72545
2026-08-20 10:47:02 - INFO - [train] 预处理进度: 7500/72545
2026-08-20 10:47:02 - INFO - [train] 预处理进度: 8000/72545
2026-08-20 10:47:04 - INFO - [train] 预处理进度: 8500/72545
2026-08-20 10:47:05 - INFO - [train] 预处理进度: 9000/72545
2026-08-20 10:47:05 - INFO - [train] 预处理进度: 9500/72545
2026-08-20 10:47:07 - INFO - [train] 预处理进度: 10000/72545
2026-08-20 10:47:08 - INFO - [train] 预处理进度: 10500/72545
2026-08-20 10:47:09 - INFO - [train] 预处理进度: 11000/72545
2026-08-20 10:47:09 - INFO - [train] 预处理进度: 11500/72545
2026-08-20 10:47:10 - INFO - [train] 预处理进度: 12000/72545
2026-08-20 10:47:11 - INFO - [train] 预处理进度: 12500/72545
2026-08-20 10:47:12 - INFO - [train] 预处理进度: 13000/72545
2026-08-20 10:47:13 - INFO - [train] 预处理进度: 13500/72545
2026-08-20 10:47:14 - INFO - [train] 预处理进度: 14000/72545
2026-08-20 10:47:15 - INFO - [train] 预处理进度: 14500/72545
2026-08-20 10:47:16 - INFO - [train] 预处理进度: 15000/72545
2026-08-20 10:47:16 - INFO - [train] 预处理进度: 15500/72545
2026-08-20 10:47:17 - INFO - [train] 预处理进度: 16000/72545
2026-08-20 10:47:17 - INFO - [train] 预处理进度: 16500/72545
2026-08-20 10:47:18 - INFO - [train] 预处理进度: 17000/72545
2026-08-20 10:47:18 - INFO - [train] 预处理进度: 17500/72545
2026-08-20 10:47:19 - INFO - [train] 预处理进度: 18000/72545
2026-08-20 10:47:19 - INFO - [train] 预处理进度: 18500/72545
2026-08-20 10:47:20 - INFO - [train] 预处理进度: 19000/72545
2026-08-20 10:47:21 - INFO - [train] 预处理进度: 19500/72545
2026-08-20 10:47:22 - INFO - [train] 预处理进度: 20000/72545
2026-08-20 10:47:23 - INFO - [train] 预处理进度: 20500/72545
2026-08-20 10:47:23 - INFO - [train] 预处理进度: 21000/72545
2026-08-20 10:47:25 - INFO - [train] 预处理进度: 21500/72545
2026-08-20 10:47:25 - INFO - [train] 预处理进度: 22000/72545
2026-08-20 10:47:26 - INFO - [train] 预处理进度: 22500/72545
2026-08-20 10:47:27 - INFO - [train] 预处理进度: 23000/72545
2026-08-20 10:47:28 - INFO - [train] 预处理进度: 23500/72545
2026-08-20 10:47:29 - INFO - [train] 预处理进度: 24000/72545
2026-08-20 10:47:29 - INFO - [train] 预处理进度: 24500/72545
2026-08-20 10:47:30 - INFO - [train] 预处理进度: 25000/72545
2026-08-20 10:47:31 - INFO - [train] 预处理进度: 25500/72545
2026-08-20 10:47:32 - INFO - [train] 预处理进度: 26000/72545
2026-08-20 10:47:33 - INFO - [train] 预处理进度: 26500/72545
2026-08-20 10:47:33 - INFO - [train] 预处理进度: 27000/72545
2026-08-20 10:47:34 - INFO - [train] 预处理进度: 27500/72545
2026-08-20 10:47:36 - INFO - [train] 预处理进度: 28000/72545
2026-08-20 10:47:37 - INFO - [train] 预处理进度: 28500/72545
2026-08-20 10:47:39 - INFO - [train] 预处理进度: 29000/72545
2026-08-20 10:47:40 - INFO - [train] 预处理进度: 29500/72545
2026-08-20 10:47:42 - INFO - [train] 预处理进度: 30000/72545
2026-08-20 10:47:43 - INFO - [train] 预处理进度: 30500/72545
2026-08-20 10:47:44 - INFO - [train] 预处理进度: 31000/72545
2026-08-20 10:47:45 - INFO - [train] 预处理进度: 31500/72545
2026-08-20 10:47:46 - INFO - [train] 预处理进度: 32000/72545
2026-08-20 10:47:47 - INFO - [train] 预处理进度: 32500/72545
2026-08-20 10:47:48 - INFO - [train] 预处理进度: 33000/72545
2026-08-20 10:47:49 - INFO - [train] 预处理进度: 33500/72545
2026-08-20 10:47:50 - INFO - [train] 预处理进度: 34000/72545
2026-08-20 10:47:51 - INFO - [train] 预处理进度: 34500/72545
2026-08-20 10:47:52 - INFO - [train] 预处理进度: 35000/72545
2026-08-20 10:47:52 - INFO - [train] 预处理进度: 35500/72545
2026-08-20 10:47:53 - INFO - [train] 预处理进度: 36000/72545
2026-08-20 10:47:54 - INFO - [train] 预处理进度: 36500/72545
2026-08-20 10:47:55 - INFO - [train] 预处理进度: 37000/72545
2026-08-20 10:47:55 - INFO - [train] 预处理进度: 37500/72545
2026-08-20 10:47:56 - INFO - [train] 预处理进度: 38000/72545
2026-08-20 10:47:57 - INFO - [train] 预处理进度: 38500/72545
2026-08-20 10:47:58 - INFO - [train] 预处理进度: 39000/72545
2026-08-20 10:47:59 - INFO - [train] 预处理进度: 39500/72545
2026-08-20 10:48:00 - INFO - [train] 预处理进度: 40000/72545
2026-08-20 10:48:00 - INFO - [train] 预处理进度: 40500/72545
2026-08-20 10:48:02 - INFO - [train] 预处理进度: 41000/72545
2026-08-20 10:48:03 - INFO - [train] 预处理进度: 41500/72545
2026-08-20 10:48:04 - INFO - [train] 预处理进度: 42000/72545
2026-08-20 10:48:05 - INFO - [train] 预处理进度: 42500/72545
2026-08-20 10:48:06 - INFO - [train] 预处理进度: 43000/72545
2026-08-20 10:48:07 - INFO - [train] 预处理进度: 43500/72545
2026-08-20 10:48:08 - INFO - [train] 预处理进度: 44000/72545
2026-08-20 10:48:09 - INFO - [train] 预处理进度: 44500/72545
2026-08-20 10:48:10 - INFO - [train] 预处理进度: 45000/72545
2026-08-20 10:48:11 - INFO - [train] 预处理进度: 45500/72545
2026-08-20 10:48:12 - INFO - [train] 预处理进度: 46000/72545
2026-08-20 10:48:13 - INFO - [train] 预处理进度: 46500/72545
2026-08-20 10:48:14 - INFO - [train] 预处理进度: 47000/72545
2026-08-20 10:48:14 - INFO - [train] 预处理进度: 47500/72545
2026-08-20 10:48:15 - INFO - [train] 预处理进度: 48000/72545
2026-08-20 10:48:16 - INFO - [train] 预处理进度: 48500/72545
2026-08-20 10:48:16 - INFO - [train] 预处理进度: 49000/72545
2026-08-20 10:48:18 - INFO - [train] 预处理进度: 49500/72545
2026-08-20 10:48:18 - INFO - [train] 预处理进度: 50000/72545
2026-08-20 10:48:19 - INFO - [train] 预处理进度: 50500/72545
2026-08-20 10:48:20 - INFO - [train] 预处理进度: 51000/72545
2026-08-20 10:48:21 - INFO - [train] 预处理进度: 51500/72545
2026-08-20 10:48:22 - INFO - [train] 预处理进度: 52000/72545
2026-08-20 10:48:24 - INFO - [train] 预处理进度: 52500/72545
2026-08-20 10:48:25 - INFO - [train] 预处理进度: 53000/72545
2026-08-20 10:48:26 - INFO - [train] 预处理进度: 53500/72545
2026-08-20 10:48:27 - INFO - [train] 预处理进度: 54000/72545
2026-08-20 10:48:29 - INFO - [train] 预处理进度: 54500/72545
2026-08-20 10:48:30 - INFO - [train] 预处理进度: 55000/72545
2026-08-20 10:48:31 - INFO - [train] 预处理进度: 55500/72545
2026-08-20 10:48:32 - INFO - [train] 预处理进度: 56000/72545
2026-08-20 10:48:33 - INFO - [train] 预处理进度: 56500/72545
2026-08-20 10:48:34 - INFO - [train] 预处理进度: 57000/72545
2026-08-20 10:48:35 - INFO - [train] 预处理进度: 57500/72545
2026-08-20 10:48:36 - INFO - [train] 预处理进度: 58000/72545
2026-08-20 10:48:37 - INFO - [train] 预处理进度: 58500/72545
2026-08-20 10:48:37 - INFO - [train] 预处理进度: 59000/72545
2026-08-20 10:48:38 - INFO - [train] 预处理进度: 59500/72545
2026-08-20 10:48:39 - INFO - [train] 预处理进度: 60000/72545
2026-08-20 10:48:40 - INFO - [train] 预处理进度: 60500/72545
2026-08-20 10:48:42 - INFO - [train] 预处理进度: 61000/72545
2026-08-20 10:48:43 - INFO - [train] 预处理进度: 61500/72545
2026-08-20 10:48:44 - INFO - [train] 预处理进度: 62000/72545
2026-08-20 10:48:45 - INFO - [train] 预处理进度: 62500/72545
2026-08-20 10:48:46 - INFO - [train] 预处理进度: 63000/72545
2026-08-20 10:48:47 - INFO - [train] 预处理进度: 63500/72545
2026-08-20 10:48:49 - INFO - [train] 预处理进度: 64000/72545
2026-08-20 10:48:50 - INFO - [train] 预处理进度: 64500/72545
2026-08-20 10:48:50 - INFO - [train] 预处理进度: 65000/72545
2026-08-20 10:48:51 - INFO - [train] 预处理进度: 65500/72545
2026-08-20 10:48:52 - INFO - [train] 预处理进度: 66000/72545
2026-08-20 10:48:53 - INFO - [train] 预处理进度: 66500/72545
2026-08-20 10:48:54 - INFO - [train] 预处理进度: 67000/72545
2026-08-20 10:48:55 - INFO - [train] 预处理进度: 67500/72545
2026-08-20 10:48:56 - INFO - [train] 预处理进度: 68000/72545
2026-08-20 10:48:56 - INFO - [train] 预处理进度: 68500/72545
2026-08-20 10:48:57 - INFO - [train] 预处理进度: 69000/72545
2026-08-20 10:48:58 - INFO - [train] 预处理进度: 69500/72545
2026-08-20 10:48:59 - INFO - [train] 预处理进度: 70000/72545
2026-08-20 10:49:00 - INFO - [train] 预处理进度: 70500/72545
2026-08-20 10:49:01 - INFO - [train] 预处理进度: 71000/72545
2026-08-20 10:49:02 - INFO - [train] 预处理进度: 71500/72545
2026-08-20 10:49:02 - INFO - [train] 预处理进度: 72000/72545
2026-08-20 10:49:03 - INFO - [train] 预处理进度: 72500/72545
2026-08-20 10:49:04 - INFO - 💾 [train] 实数缓存完成！保留: 49014, 过滤: 23531
2026-08-20 10:49:30 - INFO - ⏳ 未检测到实数缓存 [~/rppg/rppg_project/cache/offline_cache_dir_cardio_v4b_noalign_real_val_s73_to_s108_n7_9c64114e_seq300_step300]，开始执行特征预处理 (仅需运行一次)...
2026-08-20 10:49:30 - INFO - [Dataset-val] 正在处理 112 个受试者...
2026-08-20 10:49:32 - INFO - [val] 预处理进度: 500/677
2026-08-20 10:49:32 - INFO - 💾 [val] 实数缓存完成！保留: 566, 过滤: 111
2026-08-20 10:49:39 - INFO - Train: 49014 samples, subjects [51, 52, 53, 54, 55, 56, 57, 58, 59, 60, 61, 62, 63, 64, 65, 66, 67, 68, 69, 70, 71, 72, 101, 102, 103, 104, 105, 106]
2026-08-20 10:49:39 - INFO - Val:   566 samples, subjects [73, 74, 75, 76, 77, 107, 108]
2026-08-20 10:49:39 - INFO - HR labels: ECG gold-standard
2026-08-20 10:49:39 - INFO - d=256 blocks=2 B=16 dropout=0.15 wd=0.001
2026-08-20 10:49:39 - INFO - V11: random init + curriculum ([300] @ [300])
2026-08-20 10:49:39 - INFO - GRL: warmup=80 adv_w=0.0 alpha_max=0.0
2026-08-20 10:49:40 - INFO - Params: 0.52M (V11 random init)
2026-08-20 10:49:45 - INFO - Pre-flight check: BVP [-0.229, 0.185], HR [-0.391, -0.323], NaN=False
2026-08-20 11:38:17 - INFO - Epoch   1/300 | Len=300 | Loss 928.4900 | Val FFT 33.00 | Val r(HR) -0.056 | HH MAE 54.04 | HH r -0.073
2026-08-20 11:38:17 - INFO -   ✓ Best: 33.00 BPM
2026-08-20 12:26:57 - INFO - Epoch   2/300 | Len=300 | Loss 570.8612 | Val FFT 30.99 | Val r(HR) -0.004 | HH MAE 21.27 | HH r 0.007
2026-08-20 12:26:57 - INFO -   ✓ Best: 30.99 BPM
2026-08-20 13:15:36 - INFO - Epoch   3/300 | Len=300 | Loss 350.9799 | Val FFT 31.44 | Val r(HR) -0.056 | HH MAE 14.91 | HH r 0.073
2026-08-20 14:04:11 - INFO - Epoch   4/300 | Len=300 | Loss 294.9295 | Val FFT 31.23 | Val r(HR) 0.046 | HH MAE 17.08 | HH r -0.071
2026-08-20 14:52:51 - INFO - Epoch   5/300 | Len=300 | Loss 275.2890 | Val FFT 32.08 | Val r(HR) 0.095 | HH MAE 16.50 | HH r -0.070
2026-08-20 15:41:26 - INFO - Epoch   6/300 | Len=300 | Loss 260.8475 | Val FFT 31.97 | Val r(HR) -0.004 | HH MAE 16.11 | HH r 0.014
2026-08-20 16:30:05 - INFO - Epoch   7/300 | Len=300 | Loss 251.6651 | Val FFT 34.35 | Val r(HR) -0.075 | HH MAE 17.57 | HH r -0.131
2026-08-20 17:18:44 - INFO - Epoch   8/300 | Len=300 | Loss 244.6229 | Val FFT 33.58 | Val r(HR) -0.010 | HH MAE 17.78 | HH r -0.038
2026-08-20 18:07:20 - INFO - Epoch   9/300 | Len=300 | Loss 239.5385 | Val FFT 33.24 | Val r(HR) -0.076 | HH MAE 17.44 | HH r -0.086
2026-08-20 18:55:59 - INFO - Epoch  10/300 | Len=300 | Loss 235.5217 | Val FFT 35.00 | Val r(HR) 0.046 | HH MAE 17.11 | HH r -0.028
2026-08-20 19:44:34 - INFO - Epoch  11/300 | Len=300 | Loss 232.5442 | Val FFT 33.99 | Val r(HR) -0.040 | HH MAE 17.67 | HH r -0.090
2026-08-20 20:33:18 - INFO - Epoch  12/300 | Len=300 | Loss 229.3709 | Val FFT 33.63 | Val r(HR) -0.052 | HH MAE 16.89 | HH r -0.065
2026-08-20 21:21:54 - INFO - Epoch  13/300 | Len=300 | Loss 226.5845 | Val FFT 34.64 | Val r(HR) -0.026 | HH MAE 17.71 | HH r 0.009
2026-08-20 22:10:32 - INFO - Epoch  14/300 | Len=300 | Loss 224.0881 | Val FFT 33.69 | Val r(HR) -0.048 | HH MAE 16.73 | HH r -0.048
2026-08-20 22:59:12 - INFO - Epoch  15/300 | Len=300 | Loss 222.6828 | Val FFT 35.73 | Val r(HR) -0.068 | HH MAE 18.82 | HH r -0.046
2026-08-20 23:47:52 - INFO - Epoch  16/300 | Len=300 | Loss 220.9694 | Val FFT 34.06 | Val r(HR) -0.038 | HH MAE 17.78 | HH r -0.024
2026-08-21 00:36:28 - INFO - Epoch  17/300 | Len=300 | Loss 219.9280 | Val FFT 34.35 | Val r(HR) -0.108 | HH MAE 16.94 | HH r -0.047
2026-08-21 01:25:07 - INFO - Epoch  18/300 | Len=300 | Loss 218.7785 | Val FFT 34.30 | Val r(HR) -0.066 | HH MAE 17.35 | HH r -0.068
2026-08-21 02:13:43 - INFO - Epoch  19/300 | Len=300 | Loss 217.3705 | Val FFT 34.84 | Val r(HR) -0.062 | HH MAE 18.27 | HH r -0.024
2026-08-21 03:02:19 - INFO - Epoch  20/300 | Len=300 | Loss 216.8010 | Val FFT 34.29 | Val r(HR) -0.050 | HH MAE 17.01 | HH r -0.052
2026-08-21 03:50:56 - INFO - Epoch  21/300 | Len=300 | Loss 215.7559 | Val FFT 33.92 | Val r(HR) -0.063 | HH MAE 17.63 | HH r -0.057
