2026-09-16 13:23:24 - INFO - RemoteSSM Finetuning | Device: cuda
2026-09-16 13:23:25 - INFO - 🚀 检测到已构建的实数缓存目录 [~/rppg/rppg_project/cache/offline_cache_dir_cardio_v6_roi64_real_train_s51_to_s72_n22_a8202b1e_seq300_step30]，共找到 14653 个样本切片，极速准备就绪！
2026-09-16 13:23:41 - INFO - 🚀 检测到已构建的实数缓存目录 [~/rppg/rppg_project/cache/offline_cache_dir_cardio_v6_roi64_real_val_s73_to_s77_n5_57bc15c1_seq300_step30]，共找到 4324 个样本切片，极速准备就绪！
2026-09-16 13:23:54 - INFO - Train: 14653 samples, subjects [51, 52, 53, 54, 55, 56, 57, 58, 59, 60, 61, 62, 63, 64, 65, 66, 67, 68, 69, 70, 71, 72]
2026-09-16 13:23:54 - INFO - Val:   4324 samples, subjects [73, 74, 75, 76, 77]
2026-09-16 13:23:54 - INFO - HR labels: BVP-derived (SOTA-comparable)
2026-09-16 13:23:54 - INFO - d=256 blocks=2 B=4 dropout=0.4 wd=0.005
2026-09-16 13:23:54 - INFO - V11: random init + curriculum ([300] @ [40])
2026-09-16 13:23:54 - INFO - GRL: warmup=30 adv_w=0.0 alpha_max=0.0
2026-09-16 13:23:55 - INFO - Params: 0.52M (V11 random init)
2026-09-16 13:23:55 - INFO - PRETRAIN_FULL: remotessm_ubfc_pure_best.pth | missing=0 unexpected=0
2026-09-16 13:24:03 - INFO - Pre-flight check: BVP [-10.493, 16.746], HR [0.164, 0.223], NaN=False
2026-09-16 14:08:52 - INFO - Epoch   1/40 | Len=300 | Loss 1.8645 | Val FFT 12.64 | Val r(HR) 0.257 | HH MAE 81.08 | HH r -0.132
2026-09-16 14:08:52 - INFO -   ✓ Best: 12.64 BPM
2026-09-16 14:53:42 - INFO - Epoch   2/40 | Len=300 | Loss 1.7606 | Val FFT 12.15 | Val r(HR) 0.260 | HH MAE 81.08 | HH r -0.167
2026-09-16 14:53:43 - INFO -   ✓ Best: 12.15 BPM
2026-09-16 15:38:37 - INFO - Epoch   3/40 | Len=300 | Loss 1.7167 | Val FFT 12.08 | Val r(HR) 0.275 | HH MAE 81.06 | HH r -0.168
2026-09-16 15:38:37 - INFO -   ✓ Best: 12.08 BPM
2026-09-16 16:23:32 - INFO - Epoch   4/40 | Len=300 | Loss 1.6822 | Val FFT 11.99 | Val r(HR) 0.283 | HH MAE 81.07 | HH r -0.117
2026-09-16 16:23:32 - INFO -   ✓ Best: 11.99 BPM
2026-09-16 17:18:12 - INFO - Epoch   5/40 | Len=300 | Loss 1.6551 | Val FFT 11.35 | Val r(HR) 0.309 | HH MAE 81.07 | HH r -0.119
2026-09-16 17:18:12 - INFO -   ✓ Best: 11.35 BPM
2026-09-16 18:37:43 - INFO - Epoch   6/40 | Len=300 | Loss 1.6283 | Val FFT 11.17 | Val r(HR) 0.311 | HH MAE 81.12 | HH r -0.056
2026-09-16 18:37:43 - INFO -   ✓ Best: 11.17 BPM
2026-09-16 19:42:46 - INFO - Epoch   7/40 | Len=300 | Loss 1.6102 | Val FFT 10.66 | Val r(HR) 0.336 | HH MAE 81.14 | HH r -0.075
2026-09-16 19:42:46 - INFO -   ✓ Best: 10.66 BPM
2026-09-16 20:29:35 - INFO - Epoch   8/40 | Len=300 | Loss 1.5904 | Val FFT 10.29 | Val r(HR) 0.350 | HH MAE 81.13 | HH r -0.060
2026-09-16 20:29:35 - INFO -   ✓ Best: 10.29 BPM
2026-09-16 21:16:05 - INFO - Epoch   9/40 | Len=300 | Loss 1.5701 | Val FFT 10.32 | Val r(HR) 0.348 | HH MAE 81.17 | HH r -0.041
2026-09-16 22:02:14 - INFO - Epoch  10/40 | Len=300 | Loss 1.5553 | Val FFT 9.87 | Val r(HR) 0.352 | HH MAE 81.15 | HH r -0.045
2026-09-16 22:02:15 - INFO -   ✓ Best: 9.87 BPM
2026-09-16 22:49:02 - INFO - Epoch  11/40 | Len=300 | Loss 1.5355 | Val FFT 10.40 | Val r(HR) 0.324 | HH MAE 81.15 | HH r -0.026
2026-09-16 23:35:41 - INFO - Epoch  12/40 | Len=300 | Loss 1.5199 | Val FFT 9.52 | Val r(HR) 0.380 | HH MAE 81.13 | HH r -0.035
2026-09-16 23:35:41 - INFO -   ✓ Best: 9.52 BPM
2026-09-17 00:22:35 - INFO - Epoch  13/40 | Len=300 | Loss 1.5041 | Val FFT 10.01 | Val r(HR) 0.336 | HH MAE 81.10 | HH r -0.042
2026-09-17 01:09:27 - INFO - Epoch  14/40 | Len=300 | Loss 1.4883 | Val FFT 9.78 | Val r(HR) 0.347 | HH MAE 81.09 | HH r -0.080
2026-09-17 01:56:23 - INFO - Epoch  15/40 | Len=300 | Loss 1.4749 | Val FFT 9.83 | Val r(HR) 0.351 | HH MAE 81.11 | HH r -0.052
2026-09-17 02:41:47 - INFO - Epoch  16/40 | Len=300 | Loss 1.4611 | Val FFT 9.49 | Val r(HR) 0.356 | HH MAE 81.09 | HH r -0.096
2026-09-17 02:41:47 - INFO -   ✓ Best: 9.49 BPM
2026-09-17 03:27:03 - INFO - Epoch  17/40 | Len=300 | Loss 1.4483 | Val FFT 9.79 | Val r(HR) 0.347 | HH MAE 81.06 | HH r -0.088
2026-09-17 04:15:31 - INFO - Epoch  18/40 | Len=300 | Loss 1.4366 | Val FFT 9.52 | Val r(HR) 0.372 | HH MAE 81.07 | HH r -0.112
2026-09-17 05:03:36 - INFO - Epoch  19/40 | Len=300 | Loss 1.4260 | Val FFT 10.18 | Val r(HR) 0.323 | HH MAE 81.07 | HH r -0.109
2026-09-17 05:51:52 - INFO - Epoch  20/40 | Len=300 | Loss 1.4158 | Val FFT 10.04 | Val r(HR) 0.343 | HH MAE 81.06 | HH r -0.104
2026-09-17 06:40:23 - INFO - Epoch  21/40 | Len=300 | Loss 1.4048 | Val FFT 10.06 | Val r(HR) 0.310 | HH MAE 81.06 | HH r -0.081
2026-09-17 07:28:53 - INFO - Epoch  22/40 | Len=300 | Loss 1.3960 | Val FFT 9.97 | Val r(HR) 0.327 | HH MAE 81.07 | HH r -0.109
2026-09-17 08:17:13 - INFO - Epoch  23/40 | Len=300 | Loss 1.3897 | Val FFT 10.24 | Val r(HR) 0.313 | HH MAE 81.07 | HH r -0.097
2026-09-17 09:05:25 - INFO - Epoch  24/40 | Len=300 | Loss 1.3828 | Val FFT 10.00 | Val r(HR) 0.327 | HH MAE 81.09 | HH r -0.115
2026-09-17 09:53:28 - INFO - Epoch  25/40 | Len=300 | Loss 1.3753 | Val FFT 9.91 | Val r(HR) 0.329 | HH MAE 81.07 | HH r -0.096
2026-09-17 10:41:57 - INFO - Epoch  26/40 | Len=300 | Loss 1.3678 | Val FFT 10.23 | Val r(HR) 0.304 | HH MAE 81.06 | HH r -0.115
2026-09-17 11:31:52 - INFO - Epoch  27/40 | Len=300 | Loss 1.3638 | Val FFT 9.77 | Val r(HR) 0.336 | HH MAE 81.08 | HH r -0.099
2026-09-17 12:22:14 - INFO - Epoch  28/40 | Len=300 | Loss 1.3571 | Val FFT 10.13 | Val r(HR) 0.306 | HH MAE 81.08 | HH r -0.104
2026-09-17 13:10:41 - INFO - Epoch  29/40 | Len=300 | Loss 1.3530 | Val FFT 9.97 | Val r(HR) 0.325 | HH MAE 81.08 | HH r -0.107
2026-09-17 13:56:32 - INFO - Epoch  30/40 | Len=300 | Loss 1.3512 | Val FFT 9.74 | Val r(HR) 0.330 | HH MAE 81.07 | HH r -0.123
2026-09-17 14:43:05 - INFO - Epoch  31/40 | Len=300 | Loss 1.3454 | Val FFT 10.13 | Val r(HR) 0.309 | HH MAE 81.07 | HH r -0.120
2026-09-17 15:29:56 - INFO - Epoch  32/40 | Len=300 | Loss 1.3440 | Val FFT 9.99 | Val r(HR) 0.321 | HH MAE 81.08 | HH r -0.123
2026-09-17 16:16:52 - INFO - Epoch  33/40 | Len=300 | Loss 1.3406 | Val FFT 9.70 | Val r(HR) 0.331 | HH MAE 81.09 | HH r -0.096
2026-09-17 17:03:35 - INFO - Epoch  34/40 | Len=300 | Loss 1.3387 | Val FFT 9.92 | Val r(HR) 0.323 | HH MAE 81.08 | HH r -0.128
2026-09-17 17:50:19 - INFO - Epoch  35/40 | Len=300 | Loss 1.3376 | Val FFT 9.67 | Val r(HR) 0.333 | HH MAE 81.09 | HH r -0.108
2026-09-17 18:37:04 - INFO - Epoch  36/40 | Len=300 | Loss 1.3373 | Val FFT 10.23 | Val r(HR) 0.306 | HH MAE 81.07 | HH r -0.117
2026-09-17 19:24:09 - INFO - Epoch  37/40 | Len=300 | Loss 1.3346 | Val FFT 9.98 | Val r(HR) 0.316 | HH MAE 81.09 | HH r -0.129
2026-09-17 20:11:35 - INFO - Epoch  38/40 | Len=300 | Loss 1.3347 | Val FFT 10.15 | Val r(HR) 0.309 | HH MAE 81.08 | HH r -0.114
2026-09-17 20:58:18 - INFO - Epoch  39/40 | Len=300 | Loss 1.3344 | Val FFT 9.83 | Val r(HR) 0.326 | HH MAE 81.09 | HH r -0.092
2026-09-17 21:45:07 - INFO - Epoch  40/40 | Len=300 | Loss 1.3342 | Val FFT 9.74 | Val r(HR) 0.329 | HH MAE 81.09 | HH r -0.106
2026-09-17 21:45:08 - INFO - Done. Best Val FFT: 9.49 BPM
2026-09-17 21:45:10 - INFO - 🚀 检测到已构建的实数缓存目录 [~/rppg/rppg_project/cache/offline_cache_dir_cardio_v6_roi64_real_test_s78_to_s83_n6_c0be2459_seq300_step30]，共找到 4674 个样本切片，极速准备就绪！
