2026-08-29 03:26:54 - INFO - RemoteSSM Finetuning | Device: cuda
2026-08-29 03:26:54 - INFO - 🚀 检测到已构建的实数缓存目录 [~/rppg/rppg_project/cache/offline_cache_dir_cardio_v6_roi64_real_train_s51_to_s72_n22_a8202b1e_seq300_step30]，共找到 14653 个样本切片，极速准备就绪！
2026-08-29 03:28:55 - INFO - 🚀 检测到已构建的实数缓存目录 [~/rppg/rppg_project/cache/offline_cache_dir_cardio_v6_roi64_real_val_s73_to_s77_n5_57bc15c1_seq300_step300]，共找到 495 个样本切片，极速准备就绪！
2026-08-29 03:29:19 - INFO - Train: 14653 samples, subjects [51, 52, 53, 54, 55, 56, 57, 58, 59, 60, 61, 62, 63, 64, 65, 66, 67, 68, 69, 70, 71, 72]
2026-08-29 03:29:19 - INFO - Val:   495 samples, subjects [73, 74, 75, 76, 77]
2026-08-29 03:29:19 - INFO - HR labels: BVP-derived (SOTA-comparable)
2026-08-29 03:29:19 - INFO - d=256 blocks=2 B=4 dropout=0.4 wd=0.005
2026-08-29 03:29:19 - INFO - V11: random init + curriculum ([300] @ [40])
2026-08-29 03:29:19 - INFO - GRL: warmup=30 adv_w=0.0 alpha_max=0.0
2026-08-29 03:29:20 - INFO - Params: 0.52M (V11 random init)
2026-08-29 03:29:20 - INFO - PRETRAIN_FULL: remotessm_ubfc_pure_best.pth | missing=0 unexpected=0
2026-08-29 03:29:24 - INFO - Pre-flight check: BVP [-10.493, 16.746], HR [0.164, 0.223], NaN=False
2026-08-29 04:10:36 - INFO - Epoch   1/40 | Len=300 | Loss 1.8645 | Val FFT 11.78 | Val r(HR) 0.324 | HH MAE 80.92 | HH r -0.152
2026-08-29 04:10:37 - INFO -   ✓ Best: 11.78 BPM
2026-08-29 04:51:54 - INFO - Epoch   2/40 | Len=300 | Loss 1.7606 | Val FFT 11.90 | Val r(HR) 0.297 | HH MAE 80.93 | HH r -0.199
2026-08-29 05:33:08 - INFO - Epoch   3/40 | Len=300 | Loss 1.7167 | Val FFT 11.83 | Val r(HR) 0.322 | HH MAE 80.90 | HH r -0.177
2026-08-29 06:14:30 - INFO - Epoch   4/40 | Len=300 | Loss 1.6822 | Val FFT 11.95 | Val r(HR) 0.299 | HH MAE 80.91 | HH r -0.111
2026-08-29 06:55:59 - INFO - Epoch   5/40 | Len=300 | Loss 1.6551 | Val FFT 11.27 | Val r(HR) 0.352 | HH MAE 80.91 | HH r -0.108
2026-08-29 06:55:59 - INFO -   ✓ Best: 11.27 BPM
2026-08-29 07:37:22 - INFO - Epoch   6/40 | Len=300 | Loss 1.6283 | Val FFT 10.96 | Val r(HR) 0.367 | HH MAE 80.97 | HH r -0.020
2026-08-29 07:37:22 - INFO -   ✓ Best: 10.96 BPM
2026-08-29 08:18:42 - INFO - Epoch   7/40 | Len=300 | Loss 1.6102 | Val FFT 10.13 | Val r(HR) 0.408 | HH MAE 80.99 | HH r -0.062
2026-08-29 08:18:42 - INFO -   ✓ Best: 10.13 BPM
2026-08-29 08:59:58 - INFO - Epoch   8/40 | Len=300 | Loss 1.5904 | Val FFT 10.51 | Val r(HR) 0.378 | HH MAE 80.97 | HH r -0.045
2026-08-29 09:41:19 - INFO - Epoch   9/40 | Len=300 | Loss 1.5701 | Val FFT 10.11 | Val r(HR) 0.389 | HH MAE 81.02 | HH r -0.016
2026-08-29 09:41:19 - INFO -   ✓ Best: 10.11 BPM
2026-08-29 10:22:41 - INFO - Epoch  10/40 | Len=300 | Loss 1.5553 | Val FFT 9.51 | Val r(HR) 0.398 | HH MAE 81.00 | HH r -0.004
2026-08-29 10:22:41 - INFO -   ✓ Best: 9.51 BPM
2026-08-29 11:03:59 - INFO - Epoch  11/40 | Len=300 | Loss 1.5355 | Val FFT 10.33 | Val r(HR) 0.364 | HH MAE 81.00 | HH r 0.019
2026-08-29 11:45:34 - INFO - Epoch  12/40 | Len=300 | Loss 1.5199 | Val FFT 9.27 | Val r(HR) 0.421 | HH MAE 80.98 | HH r 0.021
2026-08-29 11:45:34 - INFO -   ✓ Best: 9.27 BPM
2026-08-29 12:27:03 - INFO - Epoch  13/40 | Len=300 | Loss 1.5041 | Val FFT 9.59 | Val r(HR) 0.390 | HH MAE 80.95 | HH r 0.008
2026-08-29 13:08:31 - INFO - Epoch  14/40 | Len=300 | Loss 1.4883 | Val FFT 9.59 | Val r(HR) 0.401 | HH MAE 80.93 | HH r -0.037
2026-08-29 13:49:56 - INFO - Epoch  15/40 | Len=300 | Loss 1.4749 | Val FFT 9.35 | Val r(HR) 0.423 | HH MAE 80.96 | HH r 0.005
2026-08-29 14:31:19 - INFO - Epoch  16/40 | Len=300 | Loss 1.4611 | Val FFT 9.20 | Val r(HR) 0.405 | HH MAE 80.94 | HH r -0.048
2026-08-29 14:31:19 - INFO -   ✓ Best: 9.20 BPM
2026-08-29 15:12:44 - INFO - Epoch  17/40 | Len=300 | Loss 1.4483 | Val FFT 9.39 | Val r(HR) 0.405 | HH MAE 80.90 | HH r -0.027
2026-08-29 15:54:10 - INFO - Epoch  18/40 | Len=300 | Loss 1.4366 | Val FFT 9.17 | Val r(HR) 0.414 | HH MAE 80.91 | HH r -0.053
2026-08-29 15:54:11 - INFO -   ✓ Best: 9.17 BPM
2026-08-29 16:35:38 - INFO - Epoch  19/40 | Len=300 | Loss 1.4260 | Val FFT 9.74 | Val r(HR) 0.377 | HH MAE 80.91 | HH r -0.042
2026-08-29 17:17:08 - INFO - Epoch  20/40 | Len=300 | Loss 1.4158 | Val FFT 9.65 | Val r(HR) 0.397 | HH MAE 80.90 | HH r -0.020
2026-08-29 17:58:37 - INFO - Epoch  21/40 | Len=300 | Loss 1.4048 | Val FFT 9.83 | Val r(HR) 0.340 | HH MAE 80.90 | HH r -0.004
2026-08-29 18:40:03 - INFO - Epoch  22/40 | Len=300 | Loss 1.3960 | Val FFT 9.69 | Val r(HR) 0.370 | HH MAE 80.91 | HH r -0.028
2026-08-29 19:21:31 - INFO - Epoch  23/40 | Len=300 | Loss 1.3897 | Val FFT 10.23 | Val r(HR) 0.321 | HH MAE 80.92 | HH r -0.016
2026-08-29 20:03:02 - INFO - Epoch  24/40 | Len=300 | Loss 1.3828 | Val FFT 9.74 | Val r(HR) 0.366 | HH MAE 80.93 | HH r -0.033
2026-08-29 20:44:29 - INFO - Epoch  25/40 | Len=300 | Loss 1.3753 | Val FFT 9.88 | Val r(HR) 0.343 | HH MAE 80.91 | HH r -0.012
2026-08-29 21:25:55 - INFO - Epoch  26/40 | Len=300 | Loss 1.3678 | Val FFT 10.28 | Val r(HR) 0.326 | HH MAE 80.91 | HH r -0.035
2026-08-29 22:07:25 - INFO - Epoch  27/40 | Len=300 | Loss 1.3638 | Val FFT 9.68 | Val r(HR) 0.349 | HH MAE 80.92 | HH r -0.015
2026-08-29 22:48:54 - INFO - Epoch  28/40 | Len=300 | Loss 1.3571 | Val FFT 10.00 | Val r(HR) 0.320 | HH MAE 80.92 | HH r -0.016
2026-08-29 23:30:22 - INFO - Epoch  29/40 | Len=300 | Loss 1.3530 | Val FFT 10.01 | Val r(HR) 0.336 | HH MAE 80.92 | HH r -0.019
2026-08-30 00:11:48 - INFO - Epoch  30/40 | Len=300 | Loss 1.3512 | Val FFT 9.63 | Val r(HR) 0.348 | HH MAE 80.91 | HH r -0.034
2026-08-30 00:53:19 - INFO - Epoch  31/40 | Len=300 | Loss 1.3454 | Val FFT 10.04 | Val r(HR) 0.334 | HH MAE 80.91 | HH r -0.027
2026-08-30 01:34:46 - INFO - Epoch  32/40 | Len=300 | Loss 1.3440 | Val FFT 10.01 | Val r(HR) 0.318 | HH MAE 80.92 | HH r -0.036
2026-08-30 02:16:12 - INFO - Epoch  33/40 | Len=300 | Loss 1.3406 | Val FFT 9.49 | Val r(HR) 0.354 | HH MAE 80.93 | HH r -0.006
2026-08-30 02:57:38 - INFO - Epoch  34/40 | Len=300 | Loss 1.3387 | Val FFT 9.89 | Val r(HR) 0.328 | HH MAE 80.92 | HH r -0.040
2026-08-30 03:39:05 - INFO - Epoch  35/40 | Len=300 | Loss 1.3376 | Val FFT 9.48 | Val r(HR) 0.360 | HH MAE 80.93 | HH r -0.021
2026-08-30 04:20:30 - INFO - Epoch  36/40 | Len=300 | Loss 1.3373 | Val FFT 10.22 | Val r(HR) 0.327 | HH MAE 80.91 | HH r -0.028
2026-08-30 05:01:58 - INFO - Epoch  37/40 | Len=300 | Loss 1.3346 | Val FFT 9.94 | Val r(HR) 0.321 | HH MAE 80.93 | HH r -0.047
2026-08-30 05:43:24 - INFO - Epoch  38/40 | Len=300 | Loss 1.3347 | Val FFT 10.08 | Val r(HR) 0.327 | HH MAE 80.92 | HH r -0.027
2026-08-30 06:24:50 - INFO - Epoch  39/40 | Len=300 | Loss 1.3344 | Val FFT 9.71 | Val r(HR) 0.340 | HH MAE 80.93 | HH r -0.002
2026-08-30 07:06:21 - INFO - Epoch  40/40 | Len=300 | Loss 1.3342 | Val FFT 9.63 | Val r(HR) 0.347 | HH MAE 80.93 | HH r -0.016
2026-08-30 07:06:22 - INFO - Done. Best Val FFT: 9.17 BPM
2026-08-30 07:06:23 - INFO - 🚀 检测到已构建的实数缓存目录 [~/rppg/rppg_project/cache/offline_cache_dir_cardio_v6_roi64_real_test_s78_to_s83_n6_c0be2459_seq300_step300]，共找到 548 个样本切片，极速准备就绪！
