2026-08-24 15:14:34 - INFO - RemoteSSM Finetuning | Device: cuda
2026-08-24 15:14:34 - INFO - 🚀 检测到已构建的实数缓存目录 [~/rppg/rppg_project/cache/offline_cache_dir_cardio_v5_bvphr_real_train_s01_to_s106_n40_1b42758a_seq300_step10]，共找到 9021 个样本切片，极速准备就绪！
2026-08-24 15:14:35 - INFO - 🚀 检测到已构建的实数缓存目录 [~/rppg/rppg_project/cache/offline_cache_dir_cardio_v5_bvphr_real_val_s35_to_s108_n7_a9db59b9_seq300_step300]，共找到 95 个样本切片，极速准备就绪！
2026-08-24 15:14:35 - INFO - Train: 9021 samples, subjects [1, 2, 3, 4, 5, 6, 7, 8, 9, 10, 11, 12, 13, 14, 15, 16, 17, 18, 19, 20, 21, 22, 23, 24, 25, 26, 27, 28, 29, 30, 31, 32, 33, 34, 101, 102, 103, 104, 105, 106]
2026-08-24 15:14:35 - INFO - Val:   95 samples, subjects [35, 36, 37, 38, 39, 107, 108]
2026-08-24 15:14:35 - INFO - HR labels: BVP-derived (SOTA-comparable)
2026-08-24 15:14:35 - INFO - d=256 blocks=2 B=16 dropout=0.4 wd=0.005
2026-08-24 15:14:35 - INFO - V11: random init + curriculum ([300] @ [10])
2026-08-24 15:14:35 - INFO - GRL: warmup=30 adv_w=0.0 alpha_max=0.0
2026-08-24 15:14:36 - INFO - Params: 0.52M (V11 random init)
2026-08-24 15:14:41 - INFO - Pre-flight check: BVP [-2.636, 2.450], HR [-0.311, -0.284], NaN=False
2026-08-24 15:23:25 - INFO - Epoch   1/10 | Len=300 | Loss 1.5087 | Val FFT 5.72 | Val r(HR) 0.926 | HH MAE 90.14 | HH r 0.107
2026-08-24 15:23:26 - INFO -   ✓ Best: 5.72 BPM
2026-08-24 15:32:11 - INFO - Epoch   2/10 | Len=300 | Loss 1.2940 | Val FFT 6.61 | Val r(HR) 0.857 | HH MAE 90.05 | HH r -0.386
2026-08-24 15:40:57 - INFO - Epoch   3/10 | Len=300 | Loss 0.9522 | Val FFT 4.03 | Val r(HR) 0.913 | HH MAE 90.07 | HH r 0.344
2026-08-24 15:40:57 - INFO -   ✓ Best: 4.03 BPM
2026-08-24 15:49:41 - INFO - Epoch   4/10 | Len=300 | Loss 0.7762 | Val FFT 3.33 | Val r(HR) 0.925 | HH MAE 90.10 | HH r 0.250
2026-08-24 15:49:41 - INFO -   ✓ Best: 3.33 BPM
2026-08-24 15:58:28 - INFO - Epoch   5/10 | Len=300 | Loss 0.6594 | Val FFT 3.72 | Val r(HR) 0.914 | HH MAE 90.13 | HH r 0.003
2026-08-24 16:07:13 - INFO - Epoch   6/10 | Len=300 | Loss 0.5784 | Val FFT 3.50 | Val r(HR) 0.927 | HH MAE 89.98 | HH r -0.098
2026-08-24 16:15:57 - INFO - Epoch   7/10 | Len=300 | Loss 0.5350 | Val FFT 2.85 | Val r(HR) 0.942 | HH MAE 89.97 | HH r -0.270
2026-08-24 16:15:57 - INFO -   ✓ Best: 2.85 BPM
2026-08-24 16:24:43 - INFO - Epoch   8/10 | Len=300 | Loss 0.5094 | Val FFT 3.72 | Val r(HR) 0.912 | HH MAE 89.97 | HH r -0.265
2026-08-24 16:33:29 - INFO - Epoch   9/10 | Len=300 | Loss 0.4909 | Val FFT 2.72 | Val r(HR) 0.950 | HH MAE 89.95 | HH r -0.248
2026-08-24 16:33:29 - INFO -   ✓ Best: 2.72 BPM
2026-08-24 16:42:14 - INFO - Epoch  10/10 | Len=300 | Loss 0.4830 | Val FFT 3.30 | Val r(HR) 0.928 | HH MAE 89.95 | HH r -0.306
2026-08-24 16:42:15 - INFO - Done. Best Val FFT: 2.72 BPM
2026-08-24 16:42:16 - INFO - 🚀 检测到已构建的实数缓存目录 [~/rppg/rppg_project/cache/offline_cache_dir_cardio_v5_bvphr_real_test_s40_to_s49_n10_f763fd4e_seq300_step300]，共找到 51 个样本切片，极速准备就绪！
2026-08-24 16:42:18 - INFO - 🚀 检测到已构建的实数缓存目录 [~/rppg/rppg_project/cache/offline_cache_dir_cardio_v5_bvphr_real_test_s109_to_s110_n2_95655dcc_seq300_step300]，共找到 72 个样本切片，极速准备就绪！
