2026-09-09 01:57:12 - INFO - 🚀 检测到已构建的实数缓存目录 [~/rppg/rppg_project/cache/offline_cache_dir_cardio_v5_bvphr_real_train_s01_to_s106_n40_1b42758a_seq300_step10]，共找到 9021 个样本切片，极速准备就绪！
2026-09-09 01:57:14 - INFO - 🚀 检测到已构建的实数缓存目录 [~/rppg/rppg_project/cache/offline_cache_dir_cardio_v5_bvphr_real_val_s35_to_s108_n7_a9db59b9_seq300_step30]，共找到 891 个样本切片，极速准备就绪！
2026-09-09 01:57:57 - INFO - rhythmmamba | Params: 4.92M | Device: cuda
2026-09-09 01:57:57 - INFO - Train 9021 (step10) | Val 891 (step30)
2026-09-09 01:57:57 - INFO - Epochs 40 | Adam lr=0.001 wd=0.005 | warmup 5+cosine | AMP off | cudnn off
2026-09-09 01:58:04 - INFO - Resumed at epoch 4 (best=15.63)
~/rppg/rppg_project/rhythmmamba_model.py:136: UserWarning: Casting complex values to real discards the imaginary part (Triggered internally at /pytorch/aten/src/ATen/native/Copy.cpp:308.)
  x = x.to(torch.float32)
2026-09-09 01:58:07 - INFO - Pre-flight BVP range [-0.045, -0.007] NaN=False
2026-09-09 02:37:15 - INFO - Epoch   4/40 | Loss 0.5503 | Val FFT MAE 21.91 | Val r(HR) 0.497
2026-09-09 03:17:38 - INFO - Epoch   5/40 | Loss 0.5499 | Val FFT MAE 24.97 | Val r(HR) 0.471
2026-09-09 03:57:07 - INFO - Epoch   6/40 | Loss 0.5428 | Val FFT MAE 20.54 | Val r(HR) 0.513
2026-09-09 04:37:14 - INFO - Epoch   7/40 | Loss 0.5393 | Val FFT MAE 23.95 | Val r(HR) 0.467
2026-09-09 05:15:52 - INFO - Epoch   8/40 | Loss 0.5355 | Val FFT MAE 18.93 | Val r(HR) 0.598
2026-09-09 05:51:45 - INFO - Epoch   9/40 | Loss 0.5331 | Val FFT MAE 19.10 | Val r(HR) 0.564
2026-09-09 06:26:05 - INFO - Epoch  10/40 | Loss 0.5321 | Val FFT MAE 21.49 | Val r(HR) 0.488
2026-09-09 06:59:58 - INFO - Epoch  11/40 | Loss 0.5271 | Val FFT MAE 16.88 | Val r(HR) 0.621
2026-09-09 07:34:00 - INFO - Epoch  12/40 | Loss 0.5295 | Val FFT MAE 12.09 | Val r(HR) 0.732
2026-09-09 07:34:02 - INFO -   ✓ Best: 12.09 BPM
2026-09-09 08:07:59 - INFO - Epoch  13/40 | Loss 0.5283 | Val FFT MAE 17.55 | Val r(HR) 0.625
2026-09-09 08:41:49 - INFO - Epoch  14/40 | Loss 0.5220 | Val FFT MAE 14.80 | Val r(HR) 0.674
2026-09-09 09:15:41 - INFO - Epoch  15/40 | Loss 0.5218 | Val FFT MAE 16.95 | Val r(HR) 0.599
2026-09-09 09:49:13 - INFO - Epoch  16/40 | Loss 0.5183 | Val FFT MAE 20.01 | Val r(HR) 0.565
2026-09-09 10:23:02 - INFO - Epoch  17/40 | Loss 0.5215 | Val FFT MAE 19.71 | Val r(HR) 0.554
2026-09-09 10:57:02 - INFO - Epoch  18/40 | Loss 0.5165 | Val FFT MAE 15.41 | Val r(HR) 0.626
2026-09-09 11:30:39 - INFO - Epoch  19/40 | Loss 0.5149 | Val FFT MAE 17.56 | Val r(HR) 0.627
2026-09-09 12:03:33 - INFO - Epoch  20/40 | Loss 0.5148 | Val FFT MAE 16.02 | Val r(HR) 0.621
2026-09-09 12:36:00 - INFO - Epoch  21/40 | Loss 0.5036 | Val FFT MAE 13.52 | Val r(HR) 0.672
2026-09-09 13:08:30 - INFO - Epoch  22/40 | Loss 0.5029 | Val FFT MAE 21.70 | Val r(HR) 0.489
2026-09-09 13:40:42 - INFO - Epoch  23/40 | Loss 0.4981 | Val FFT MAE 17.56 | Val r(HR) 0.564
2026-09-09 14:10:50 - INFO - Epoch  24/40 | Loss 0.4948 | Val FFT MAE 20.83 | Val r(HR) 0.529
2026-09-09 14:35:21 - INFO - Epoch  25/40 | Loss 0.4902 | Val FFT MAE 16.97 | Val r(HR) 0.587
2026-09-09 14:59:52 - INFO - Epoch  26/40 | Loss 0.4906 | Val FFT MAE 16.89 | Val r(HR) 0.585
2026-09-09 15:24:25 - INFO - Epoch  27/40 | Loss 0.4822 | Val FFT MAE 20.23 | Val r(HR) 0.543
2026-09-09 15:48:57 - INFO - Epoch  28/40 | Loss 0.4748 | Val FFT MAE 12.96 | Val r(HR) 0.705
2026-09-09 16:13:29 - INFO - Epoch  29/40 | Loss 0.4750 | Val FFT MAE 13.37 | Val r(HR) 0.699
2026-09-09 16:38:00 - INFO - Epoch  30/40 | Loss 0.4687 | Val FFT MAE 23.06 | Val r(HR) 0.445
2026-09-09 17:02:32 - INFO - Epoch  31/40 | Loss 0.4686 | Val FFT MAE 13.81 | Val r(HR) 0.670
2026-09-09 17:27:03 - INFO - Epoch  32/40 | Loss 0.4631 | Val FFT MAE 20.15 | Val r(HR) 0.517
2026-09-09 17:51:35 - INFO - Epoch  33/40 | Loss 0.4560 | Val FFT MAE 12.90 | Val r(HR) 0.721
2026-09-09 18:16:07 - INFO - Epoch  34/40 | Loss 0.4535 | Val FFT MAE 16.70 | Val r(HR) 0.588
2026-09-09 18:40:39 - INFO - Epoch  35/40 | Loss 0.4511 | Val FFT MAE 16.24 | Val r(HR) 0.608
2026-09-09 19:05:11 - INFO - Epoch  36/40 | Loss 0.4483 | Val FFT MAE 16.99 | Val r(HR) 0.599
2026-09-09 19:29:44 - INFO - Epoch  37/40 | Loss 0.4407 | Val FFT MAE 14.25 | Val r(HR) 0.667
2026-09-09 19:54:15 - INFO - Epoch  38/40 | Loss 0.4432 | Val FFT MAE 13.28 | Val r(HR) 0.689
2026-09-09 20:18:45 - INFO - Epoch  39/40 | Loss 0.4394 | Val FFT MAE 13.30 | Val r(HR) 0.687
2026-09-09 20:43:17 - INFO - Epoch  40/40 | Loss 0.4335 | Val FFT MAE 14.50 | Val r(HR) 0.653
2026-09-09 20:43:23 - INFO - Done. Best Val FFT MAE: 12.09 BPM

========================================================
  rhythmmamba test report (same protocol)
========================================================
[INFO] rhythmmamba UBFC test 40-49 | loaded rhythmmamba_ubfc_pure_best.pth | Params 4.92M
2026-09-09 20:43:25 - INFO - 🚀 检测到已构建的实数缓存目录 [~/rppg/rppg_project/cache/offline_cache_dir_cardio_v5_bvphr_real_test_s40_to_s49_n10_f763fd4e_seq300_step30]，共找到 481 个样本切片，极速准备就绪！
[INFO] Test UBFC test 40-49: 481 samples

[UBFC test 40-49] rhythmmamba (same protocol, step-30)
  MAE: 7.03  RMSE: 15.21  Pearson: 0.4847
  Acc<3: 76.3%  Acc<5: 78.0%  Acc<8: 79.8%
  Valid: 481/481
[INFO] rhythmmamba PURE test 109-110 | loaded rhythmmamba_ubfc_pure_best.pth | Params 4.92M
2026-09-09 20:43:53 - INFO - 🚀 检测到已构建的实数缓存目录 [~/rppg/rppg_project/cache/offline_cache_dir_cardio_v5_bvphr_real_test_s109_to_s110_n2_95655dcc_seq300_step30]，共找到 696 个样本切片，极速准备就绪！
[INFO] Test PURE test 109-110: 696 samples

[PURE test 109-110] rhythmmamba (same protocol, step-30)
  MAE: 3.38  RMSE: 8.98  Pearson: 0.8638
  Acc<3: 85.3%  Acc<5: 87.8%  Acc<8: 89.5%
  Valid: 696/696
