[UBFC-ABLATE:real_ssm] train=40 val=7 test=10 | env={'REAL_ONLY': '1'} cfg={}
2026-09-16 04:57:08 - INFO - RemoteSSM Finetuning | Device: cuda
2026-09-16 04:57:08 - INFO - 🚀 检测到已构建的实数缓存目录 [~/rppg/rppg_project/cache/offline_cache_dir_cardio_v5_bvphr_real_train_s01_to_s106_n40_1b42758a_seq300_step10]，共找到 9021 个样本切片，极速准备就绪！
2026-09-16 04:57:44 - INFO - 🚀 检测到已构建的实数缓存目录 [~/rppg/rppg_project/cache/offline_cache_dir_cardio_v5_bvphr_real_val_s35_to_s108_n7_a9db59b9_seq300_step300]，共找到 95 个样本切片，极速准备就绪！
2026-09-16 04:57:56 - INFO - Train: 9021 samples, subjects [1, 2, 3, 4, 5, 6, 7, 8, 9, 10, 11, 12, 13, 14, 15, 16, 17, 18, 19, 20, 21, 22, 23, 24, 25, 26, 27, 28, 29, 30, 31, 32, 33, 34, 101, 102, 103, 104, 105, 106]
2026-09-16 04:57:56 - INFO - Val:   95 samples, subjects [35, 36, 37, 38, 39, 107, 108]
2026-09-16 04:57:56 - INFO - HR labels: BVP-derived (SOTA-comparable)
2026-09-16 04:57:56 - INFO - d=256 blocks=2 B=16 dropout=0.4 wd=0.005
2026-09-16 04:57:56 - INFO - V11: random init + curriculum ([300] @ [40])
2026-09-16 04:57:56 - INFO - GRL: warmup=30 adv_w=0.0 alpha_max=0.0
2026-09-16 04:57:58 - INFO - Params: 0.52M (V11 random init)
2026-09-16 04:58:34 - INFO - Pre-flight check: BVP [-2.646, 2.450], HR [0.212, 0.251], NaN=False
~/.local/lib/python3.12/site-packages/torch/optim/lr_scheduler.py:224: UserWarning: Detected call of `lr_scheduler.step()` before `optimizer.step()`. In PyTorch 1.1.0 and later, you should call them in the opposite order: `optimizer.step()` before `lr_scheduler.step()`.  Failure to do this will result in PyTorch skipping the first value of the learning rate schedule. See more details at https://pytorch.org/docs/stable/optim.html#how-to-adjust-learning-rate
  warnings.warn(
2026-09-16 05:08:36 - INFO - Epoch   1/40 | Len=300 | Loss 1.5349 | Val FFT 5.43 | Val r(HR) 0.890 | HH MAE 90.19 | HH r -0.090
2026-09-16 05:08:37 - INFO -   ✓ Best: 5.43 BPM
2026-09-16 05:17:18 - INFO - Epoch   2/40 | Len=300 | Loss 1.3145 | Val FFT 3.11 | Val r(HR) 0.943 | HH MAE 90.20 | HH r -0.147
2026-09-16 05:17:18 - INFO -   ✓ Best: 3.11 BPM
2026-09-16 05:25:58 - INFO - Epoch   3/40 | Len=300 | Loss 1.0290 | Val FFT 2.05 | Val r(HR) 0.950 | HH MAE 90.31 | HH r 0.055
2026-09-16 05:25:58 - INFO -   ✓ Best: 2.05 BPM
2026-09-16 05:34:30 - INFO - Epoch   4/40 | Len=300 | Loss 0.8585 | Val FFT 1.83 | Val r(HR) 0.961 | HH MAE 90.43 | HH r -0.123
2026-09-16 05:34:30 - INFO -   ✓ Best: 1.83 BPM
2026-09-16 05:43:06 - INFO - Epoch   5/40 | Len=300 | Loss 0.7674 | Val FFT 1.35 | Val r(HR) 0.965 | HH MAE 90.42 | HH r 0.155
2026-09-16 05:43:07 - INFO -   ✓ Best: 1.35 BPM
2026-09-16 05:51:36 - INFO - Epoch   6/40 | Len=300 | Loss 0.7000 | Val FFT 1.87 | Val r(HR) 0.957 | HH MAE 90.47 | HH r 0.034
2026-09-16 06:00:08 - INFO - Epoch   7/40 | Len=300 | Loss 0.6452 | Val FFT 2.03 | Val r(HR) 0.950 | HH MAE 90.49 | HH r 0.171
2026-09-16 06:08:38 - INFO - Epoch   8/40 | Len=300 | Loss 0.6121 | Val FFT 1.59 | Val r(HR) 0.966 | HH MAE 90.49 | HH r 0.218
2026-09-16 06:17:08 - INFO - Epoch   9/40 | Len=300 | Loss 0.5836 | Val FFT 0.78 | Val r(HR) 0.996 | HH MAE 90.48 | HH r 0.289
2026-09-16 06:17:08 - INFO -   ✓ Best: 0.78 BPM
2026-09-16 06:25:38 - INFO - Epoch  10/40 | Len=300 | Loss 0.5614 | Val FFT 2.08 | Val r(HR) 0.950 | HH MAE 90.41 | HH r 0.328
2026-09-16 06:34:07 - INFO - Epoch  11/40 | Len=300 | Loss 0.5409 | Val FFT 1.57 | Val r(HR) 0.972 | HH MAE 90.37 | HH r 0.445
2026-09-16 06:42:38 - INFO - Epoch  12/40 | Len=300 | Loss 0.5239 | Val FFT 0.53 | Val r(HR) 1.000 | HH MAE 90.43 | HH r 0.371
2026-09-16 06:42:39 - INFO -   ✓ Best: 0.53 BPM
2026-09-16 06:51:08 - INFO - Epoch  13/40 | Len=300 | Loss 0.5107 | Val FFT 0.44 | Val r(HR) 1.000 | HH MAE 90.40 | HH r 0.343
2026-09-16 06:51:08 - INFO -   ✓ Best: 0.44 BPM
2026-09-16 06:59:39 - INFO - Epoch  14/40 | Len=300 | Loss 0.4975 | Val FFT 1.27 | Val r(HR) 0.977 | HH MAE 90.43 | HH r 0.310
2026-09-16 07:08:09 - INFO - Epoch  15/40 | Len=300 | Loss 0.4849 | Val FFT 2.71 | Val r(HR) 0.936 | HH MAE 90.45 | HH r 0.178
2026-09-16 07:16:43 - INFO - Epoch  16/40 | Len=300 | Loss 0.4726 | Val FFT 1.68 | Val r(HR) 0.972 | HH MAE 90.45 | HH r 0.277
2026-09-16 07:25:30 - INFO - Epoch  17/40 | Len=300 | Loss 0.4630 | Val FFT 1.56 | Val r(HR) 0.966 | HH MAE 90.45 | HH r 0.308
2026-09-16 07:34:07 - INFO - Epoch  18/40 | Len=300 | Loss 0.4535 | Val FFT 1.42 | Val r(HR) 0.968 | HH MAE 90.45 | HH r 0.185
2026-09-16 07:42:43 - INFO - Epoch  19/40 | Len=300 | Loss 0.4445 | Val FFT 2.11 | Val r(HR) 0.950 | HH MAE 90.45 | HH r 0.217
2026-09-16 07:51:43 - INFO - Epoch  20/40 | Len=300 | Loss 0.4373 | Val FFT 1.72 | Val r(HR) 0.968 | HH MAE 90.44 | HH r 0.224
2026-09-16 08:00:23 - INFO - Epoch  21/40 | Len=300 | Loss 0.4289 | Val FFT 1.62 | Val r(HR) 0.974 | HH MAE 90.41 | HH r 0.298
2026-09-16 08:09:02 - INFO - Epoch  22/40 | Len=300 | Loss 0.4229 | Val FFT 0.93 | Val r(HR) 0.991 | HH MAE 90.42 | HH r 0.230
2026-09-16 08:17:41 - INFO - Epoch  23/40 | Len=300 | Loss 0.4169 | Val FFT 1.28 | Val r(HR) 0.993 | HH MAE 90.42 | HH r 0.243
2026-09-16 08:26:17 - INFO - Epoch  24/40 | Len=300 | Loss 0.4128 | Val FFT 2.67 | Val r(HR) 0.948 | HH MAE 90.42 | HH r 0.161
2026-09-16 08:34:57 - INFO - Epoch  25/40 | Len=300 | Loss 0.4077 | Val FFT 0.52 | Val r(HR) 1.000 | HH MAE 90.43 | HH r 0.125
2026-09-16 08:43:35 - INFO - Epoch  26/40 | Len=300 | Loss 0.4024 | Val FFT 0.77 | Val r(HR) 0.998 | HH MAE 90.40 | HH r 0.210
2026-09-16 08:52:14 - INFO - Epoch  27/40 | Len=300 | Loss 0.3989 | Val FFT 1.80 | Val r(HR) 0.974 | HH MAE 90.41 | HH r 0.148
2026-09-16 09:00:52 - INFO - Epoch  28/40 | Len=300 | Loss 0.3956 | Val FFT 2.20 | Val r(HR) 0.969 | HH MAE 90.41 | HH r 0.109
2026-09-16 09:09:29 - INFO - Epoch  29/40 | Len=300 | Loss 0.3937 | Val FFT 1.98 | Val r(HR) 0.967 | HH MAE 90.40 | HH r 0.168
2026-09-16 09:18:05 - INFO - Epoch  30/40 | Len=300 | Loss 0.3922 | Val FFT 1.35 | Val r(HR) 0.982 | HH MAE 90.39 | HH r 0.106
2026-09-16 09:26:42 - INFO - Epoch  31/40 | Len=300 | Loss 0.3897 | Val FFT 2.06 | Val r(HR) 0.969 | HH MAE 90.41 | HH r 0.088
2026-09-16 09:35:21 - INFO - Epoch  32/40 | Len=300 | Loss 0.3878 | Val FFT 1.13 | Val r(HR) 0.993 | HH MAE 90.42 | HH r 0.050
2026-09-16 09:43:58 - INFO - Epoch  33/40 | Len=300 | Loss 0.3867 | Val FFT 1.82 | Val r(HR) 0.971 | HH MAE 90.40 | HH r 0.119
2026-09-16 09:52:31 - INFO - Epoch  34/40 | Len=300 | Loss 0.3850 | Val FFT 2.22 | Val r(HR) 0.964 | HH MAE 90.41 | HH r 0.113
2026-09-16 10:01:05 - INFO - Epoch  35/40 | Len=300 | Loss 0.3845 | Val FFT 2.01 | Val r(HR) 0.967 | HH MAE 90.41 | HH r 0.073
2026-09-16 10:09:37 - INFO - Epoch  36/40 | Len=300 | Loss 0.3831 | Val FFT 2.12 | Val r(HR) 0.965 | HH MAE 90.42 | HH r 0.025
2026-09-16 10:18:11 - INFO - Epoch  37/40 | Len=300 | Loss 0.3835 | Val FFT 2.02 | Val r(HR) 0.967 | HH MAE 90.42 | HH r 0.074
2026-09-16 10:26:42 - INFO - Epoch  38/40 | Len=300 | Loss 0.3828 | Val FFT 2.14 | Val r(HR) 0.966 | HH MAE 90.42 | HH r 0.026
2026-09-16 10:35:14 - INFO - Epoch  39/40 | Len=300 | Loss 0.3821 | Val FFT 2.02 | Val r(HR) 0.969 | HH MAE 90.41 | HH r 0.072
2026-09-16 10:43:44 - INFO - Epoch  40/40 | Len=300 | Loss 0.3828 | Val FFT 2.02 | Val r(HR) 0.968 | HH MAE 90.41 | HH r 0.067
2026-09-16 10:43:45 - INFO - Done. Best Val FFT: 0.44 BPM

[EVAL] real_ssm UBFC test 40-49
[EVAL] RemoteSSM | Device: cuda
[INFO] Loaded: remotessm_ubfc_ablate_real_ssm_best.pth | Params: 0.52M
2026-09-16 10:43:45 - INFO - 🚀 检测到已构建的实数缓存目录 [~/rppg/rppg_project/cache/offline_cache_dir_cardio_v5_bvphr_real_test_s40_to_s49_n10_f763fd4e_seq300_step300]，共找到 51 个样本切片，极速准备就绪！
[INFO] Test: 51 samples | subjects [40, 41, 42, 43, 44, 45, 46, 47, 48, 49]

========================================================
  RemoteSSM Test Report
========================================================

  [FFT(BVP) vs BVP-HR]
  MAE: 1.00  RMSE: 2.24  StdErr: 2.01  Pearson: 0.9745
  Acc<3: 94.1%  Acc<5: 96.1%  Acc<8: 98.0%
  Valid: 51/51

  [HR Head  vs BVP-HR] Too few valid samples (0)

--------------------------------------------------------
  Label: BVP-derived
--------------------------------------------------------
