[UBFC-ABLATE:no_cob] train=40 val=7 test=10 | env={'RANDOM_A': '1'} cfg={}
2026-08-28 16:29:24 - INFO - RemoteSSM Finetuning | Device: cuda
2026-08-28 16:29:24 - INFO - 🚀 检测到已构建的实数缓存目录 [~/rppg/rppg_project/cache/offline_cache_dir_cardio_v5_bvphr_real_train_s01_to_s106_n40_1b42758a_seq300_step10]，共找到 9021 个样本切片，极速准备就绪！
2026-08-28 16:29:25 - INFO - 🚀 检测到已构建的实数缓存目录 [~/rppg/rppg_project/cache/offline_cache_dir_cardio_v5_bvphr_real_val_s35_to_s108_n7_a9db59b9_seq300_step300]，共找到 95 个样本切片，极速准备就绪！
2026-08-28 16:29:25 - INFO - Train: 9021 samples, subjects [1, 2, 3, 4, 5, 6, 7, 8, 9, 10, 11, 12, 13, 14, 15, 16, 17, 18, 19, 20, 21, 22, 23, 24, 25, 26, 27, 28, 29, 30, 31, 32, 33, 34, 101, 102, 103, 104, 105, 106]
2026-08-28 16:29:25 - INFO - Val:   95 samples, subjects [35, 36, 37, 38, 39, 107, 108]
2026-08-28 16:29:25 - INFO - HR labels: BVP-derived (SOTA-comparable)
2026-08-28 16:29:25 - INFO - d=256 blocks=2 B=16 dropout=0.4 wd=0.005
2026-08-28 16:29:25 - INFO - V11: random init + curriculum ([300] @ [40])
2026-08-28 16:29:25 - INFO - GRL: warmup=30 adv_w=0.0 alpha_max=0.0
~/.local/lib/python3.12/site-packages/torch/cuda/__init__.py:716: UserWarning: Can't initialize NVML
  warnings.warn("Can't initialize NVML")
2026-08-28 16:29:25 - INFO - Params: 0.52M (V11 random init)
2026-08-28 16:29:29 - INFO - Pre-flight check: BVP [-2.686, 3.735], HR [0.559, 0.791], NaN=False
~/.local/lib/python3.12/site-packages/torch/optim/lr_scheduler.py:224: UserWarning: Detected call of `lr_scheduler.step()` before `optimizer.step()`. In PyTorch 1.1.0 and later, you should call them in the opposite order: `optimizer.step()` before `lr_scheduler.step()`.  Failure to do this will result in PyTorch skipping the first value of the learning rate schedule. See more details at https://pytorch.org/docs/stable/optim.html#how-to-adjust-learning-rate
  warnings.warn(
2026-08-28 16:38:16 - INFO - Epoch   1/40 | Len=300 | Loss 1.4190 | Val FFT 2.36 | Val r(HR) 0.960 | HH MAE 89.71 | HH r -0.248
2026-08-28 16:38:16 - INFO -   ✓ Best: 2.36 BPM
2026-08-28 16:47:03 - INFO - Epoch   2/40 | Len=300 | Loss 0.9092 | Val FFT 1.91 | Val r(HR) 0.956 | HH MAE 89.77 | HH r -0.628
2026-08-28 16:47:03 - INFO -   ✓ Best: 1.91 BPM
2026-08-28 16:55:52 - INFO - Epoch   3/40 | Len=300 | Loss 0.6735 | Val FFT 3.25 | Val r(HR) 0.927 | HH MAE 89.92 | HH r 0.221
2026-08-28 17:04:39 - INFO - Epoch   4/40 | Len=300 | Loss 0.5776 | Val FFT 3.22 | Val r(HR) 0.937 | HH MAE 89.91 | HH r 0.264
2026-08-28 17:13:26 - INFO - Epoch   5/40 | Len=300 | Loss 0.5213 | Val FFT 3.25 | Val r(HR) 0.928 | HH MAE 89.95 | HH r 0.486
2026-08-28 17:22:13 - INFO - Epoch   6/40 | Len=300 | Loss 0.4840 | Val FFT 2.17 | Val r(HR) 0.950 | HH MAE 89.95 | HH r 0.687
2026-08-28 17:30:59 - INFO - Epoch   7/40 | Len=300 | Loss 0.4571 | Val FFT 1.47 | Val r(HR) 0.980 | HH MAE 89.94 | HH r 0.640
2026-08-28 17:30:59 - INFO -   ✓ Best: 1.47 BPM
2026-08-28 17:39:46 - INFO - Epoch   8/40 | Len=300 | Loss 0.4354 | Val FFT 2.67 | Val r(HR) 0.936 | HH MAE 89.88 | HH r 0.776
2026-08-28 17:48:33 - INFO - Epoch   9/40 | Len=300 | Loss 0.4175 | Val FFT 1.74 | Val r(HR) 0.965 | HH MAE 89.90 | HH r 0.781
2026-08-28 17:57:21 - INFO - Epoch  10/40 | Len=300 | Loss 0.4007 | Val FFT 2.11 | Val r(HR) 0.961 | HH MAE 89.84 | HH r 0.762
2026-08-28 18:06:08 - INFO - Epoch  11/40 | Len=300 | Loss 0.3863 | Val FFT 2.85 | Val r(HR) 0.946 | HH MAE 89.83 | HH r 0.773
2026-08-28 18:14:54 - INFO - Epoch  12/40 | Len=300 | Loss 0.3753 | Val FFT 1.93 | Val r(HR) 0.964 | HH MAE 89.81 | HH r 0.796
2026-08-28 18:23:40 - INFO - Epoch  13/40 | Len=300 | Loss 0.3644 | Val FFT 2.21 | Val r(HR) 0.957 | HH MAE 89.82 | HH r 0.809
2026-08-28 18:32:27 - INFO - Epoch  14/40 | Len=300 | Loss 0.3562 | Val FFT 2.87 | Val r(HR) 0.944 | HH MAE 89.79 | HH r 0.771
2026-08-28 18:41:17 - INFO - Epoch  15/40 | Len=300 | Loss 0.3469 | Val FFT 1.95 | Val r(HR) 0.964 | HH MAE 89.78 | HH r 0.790
2026-08-28 18:50:03 - INFO - Epoch  16/40 | Len=300 | Loss 0.3399 | Val FFT 2.49 | Val r(HR) 0.955 | HH MAE 89.76 | HH r 0.783
2026-08-28 18:58:49 - INFO - Epoch  17/40 | Len=300 | Loss 0.3353 | Val FFT 2.53 | Val r(HR) 0.951 | HH MAE 89.74 | HH r 0.773
2026-08-28 19:07:35 - INFO - Epoch  18/40 | Len=300 | Loss 0.3292 | Val FFT 3.16 | Val r(HR) 0.930 | HH MAE 89.70 | HH r 0.755
2026-08-28 19:16:23 - INFO - Epoch  19/40 | Len=300 | Loss 0.3229 | Val FFT 2.99 | Val r(HR) 0.937 | HH MAE 89.68 | HH r 0.659
2026-08-28 19:25:10 - INFO - Epoch  20/40 | Len=300 | Loss 0.3192 | Val FFT 2.91 | Val r(HR) 0.940 | HH MAE 89.69 | HH r 0.673
2026-08-28 19:33:55 - INFO - Epoch  21/40 | Len=300 | Loss 0.3150 | Val FFT 3.57 | Val r(HR) 0.925 | HH MAE 89.65 | HH r 0.545
2026-08-28 19:42:42 - INFO - Epoch  22/40 | Len=300 | Loss 0.3120 | Val FFT 3.00 | Val r(HR) 0.937 | HH MAE 89.64 | HH r 0.547
2026-08-28 19:51:29 - INFO - Epoch  23/40 | Len=300 | Loss 0.3084 | Val FFT 3.71 | Val r(HR) 0.923 | HH MAE 89.63 | HH r 0.319
2026-08-28 20:00:17 - INFO - Epoch  24/40 | Len=300 | Loss 0.3058 | Val FFT 3.32 | Val r(HR) 0.934 | HH MAE 89.61 | HH r 0.383
2026-08-28 20:09:05 - INFO - Epoch  25/40 | Len=300 | Loss 0.3037 | Val FFT 3.26 | Val r(HR) 0.936 | HH MAE 89.61 | HH r 0.383
2026-08-28 20:17:50 - INFO - Epoch  26/40 | Len=300 | Loss 0.3012 | Val FFT 3.01 | Val r(HR) 0.937 | HH MAE 89.60 | HH r 0.170
2026-08-28 20:26:37 - INFO - Epoch  27/40 | Len=300 | Loss 0.2987 | Val FFT 3.17 | Val r(HR) 0.936 | HH MAE 89.60 | HH r 0.180
2026-08-28 20:35:23 - INFO - Epoch  28/40 | Len=300 | Loss 0.2969 | Val FFT 3.17 | Val r(HR) 0.936 | HH MAE 89.59 | HH r 0.161
2026-08-28 20:44:08 - INFO - Epoch  29/40 | Len=300 | Loss 0.2953 | Val FFT 3.76 | Val r(HR) 0.922 | HH MAE 89.58 | HH r 0.027
2026-08-28 20:52:56 - INFO - Epoch  30/40 | Len=300 | Loss 0.2944 | Val FFT 3.65 | Val r(HR) 0.923 | HH MAE 89.58 | HH r 0.054
2026-08-28 21:01:42 - INFO - Epoch  31/40 | Len=300 | Loss 0.2930 | Val FFT 3.54 | Val r(HR) 0.927 | HH MAE 89.57 | HH r 0.094
2026-08-28 21:10:29 - INFO - Epoch  32/40 | Len=300 | Loss 0.2916 | Val FFT 3.69 | Val r(HR) 0.923 | HH MAE 89.57 | HH r 0.056
2026-08-28 21:19:16 - INFO - Epoch  33/40 | Len=300 | Loss 0.2912 | Val FFT 3.66 | Val r(HR) 0.924 | HH MAE 89.56 | HH r -0.005
2026-08-28 21:28:02 - INFO - Epoch  34/40 | Len=300 | Loss 0.2902 | Val FFT 3.64 | Val r(HR) 0.924 | HH MAE 89.57 | HH r -0.010
2026-08-28 21:36:49 - INFO - Epoch  35/40 | Len=300 | Loss 0.2899 | Val FFT 3.66 | Val r(HR) 0.923 | HH MAE 89.57 | HH r 0.049
2026-08-28 21:45:35 - INFO - Epoch  36/40 | Len=300 | Loss 0.2895 | Val FFT 3.62 | Val r(HR) 0.924 | HH MAE 89.57 | HH r 0.050
2026-08-28 21:54:21 - INFO - Epoch  37/40 | Len=300 | Loss 0.2896 | Val FFT 3.63 | Val r(HR) 0.924 | HH MAE 89.56 | HH r 0.028
2026-08-28 22:03:08 - INFO - Epoch  38/40 | Len=300 | Loss 0.2890 | Val FFT 3.63 | Val r(HR) 0.924 | HH MAE 89.57 | HH r 0.042
2026-08-28 22:11:53 - INFO - Epoch  39/40 | Len=300 | Loss 0.2885 | Val FFT 3.61 | Val r(HR) 0.924 | HH MAE 89.57 | HH r 0.058
2026-08-28 22:20:41 - INFO - Epoch  40/40 | Len=300 | Loss 0.2885 | Val FFT 3.68 | Val r(HR) 0.923 | HH MAE 89.57 | HH r 0.052
2026-08-28 22:20:42 - INFO - Done. Best Val FFT: 1.47 BPM

[EVAL] no_cob UBFC test 40-49
[EVAL] RemoteSSM | Device: cuda
[INFO] Loaded: remotessm_ubfc_ablate_no_cob_best.pth | Params: 0.52M
2026-08-28 22:20:42 - INFO - 🚀 检测到已构建的实数缓存目录 [~/rppg/rppg_project/cache/offline_cache_dir_cardio_v5_bvphr_real_test_s40_to_s49_n10_f763fd4e_seq300_step300]，共找到 51 个样本切片，极速准备就绪！
[INFO] Test: 51 samples | subjects [40, 41, 42, 43, 44, 45, 46, 47, 48, 49]

========================================================
  RemoteSSM Test Report
========================================================

  [FFT(BVP) vs BVP-HR]
  MAE: 0.59  RMSE: 0.97  StdErr: 0.77  Pearson: 0.9951
  Acc<3: 96.1%  Acc<5: 100.0%  Acc<8: 100.0%
  Valid: 51/51

  [HR Head  vs BVP-HR] Too few valid samples (0)

--------------------------------------------------------
  Label: BVP-derived
--------------------------------------------------------
